Component: ARM Compiler 5.06 update 3 (build 300) Tool: armlink [4d35c9]

==============================================================================

Section Cross References

    bsp.o(i.BSP_Accelerometer_Init) refers to bsp.o(i.adcinit) for adcinit
    bsp.o(i.BSP_Buzzer_Init) refers to bsp.o(.data) for ClockFrequency
    bsp.o(i.BSP_Buzzer_Set) refers to bsp.o(.data) for PWMCycles
    bsp.o(i.BSP_Clock_GetFreq) refers to bsp.o(.data) for ClockFrequency
    bsp.o(i.BSP_Clock_InitFastest) refers to bsp.o(.data) for ClockFrequency
    bsp.o(i.BSP_Delay1ms) refers to bsp.o(.emb_text) for parrotdelay
    bsp.o(i.BSP_Joystick_Init) refers to bsp.o(i.adcinit) for adcinit
    bsp.o(i.BSP_LCD_DrawBitmap) refers to bsp.o(i.setAddrWindow) for setAddrWindow
    bsp.o(i.BSP_LCD_DrawBitmap) refers to bsp.o(i.writedata) for writedata
    bsp.o(i.BSP_LCD_DrawBitmap) refers to bsp.o(.data) for _width
    bsp.o(i.BSP_LCD_DrawChar) refers to bsp.o(i.setAddrWindow) for setAddrWindow
    bsp.o(i.BSP_LCD_DrawChar) refers to bsp.o(i.pushColor) for pushColor
    bsp.o(i.BSP_LCD_DrawChar) refers to bsp.o(.data) for _width
    bsp.o(i.BSP_LCD_DrawChar) refers to bsp.o(.constdata) for Font
    bsp.o(i.BSP_LCD_DrawCharS) refers to bsp.o(i.BSP_LCD_DrawPixel) for BSP_LCD_DrawPixel
    bsp.o(i.BSP_LCD_DrawCharS) refers to bsp.o(i.BSP_LCD_FillRect) for BSP_LCD_FillRect
    bsp.o(i.BSP_LCD_DrawCharS) refers to bsp.o(.data) for _width
    bsp.o(i.BSP_LCD_DrawCharS) refers to bsp.o(.constdata) for Font
    bsp.o(i.BSP_LCD_DrawFastHLine) refers to bsp.o(i.setAddrWindow) for setAddrWindow
    bsp.o(i.BSP_LCD_DrawFastHLine) refers to bsp.o(i.writedata) for writedata
    bsp.o(i.BSP_LCD_DrawFastHLine) refers to bsp.o(.data) for _width
    bsp.o(i.BSP_LCD_DrawFastVLine) refers to bsp.o(i.setAddrWindow) for setAddrWindow
    bsp.o(i.BSP_LCD_DrawFastVLine) refers to bsp.o(i.writedata) for writedata
    bsp.o(i.BSP_LCD_DrawFastVLine) refers to bsp.o(.data) for _width
    bsp.o(i.BSP_LCD_DrawPixel) refers to bsp.o(i.setAddrWindow) for setAddrWindow
    bsp.o(i.BSP_LCD_DrawPixel) refers to bsp.o(i.pushColor) for pushColor
    bsp.o(i.BSP_LCD_DrawPixel) refers to bsp.o(.data) for _width
    bsp.o(i.BSP_LCD_DrawString) refers to bsp.o(i.BSP_LCD_DrawChar) for BSP_LCD_DrawChar
    bsp.o(i.BSP_LCD_Drawaxes) refers to bsp.o(i.BSP_LCD_FillRect) for BSP_LCD_FillRect
    bsp.o(i.BSP_LCD_Drawaxes) refers to bsp.o(i.BSP_LCD_DrawFastHLine) for BSP_LCD_DrawFastHLine
    bsp.o(i.BSP_LCD_Drawaxes) refers to bsp.o(i.BSP_LCD_DrawFastVLine) for BSP_LCD_DrawFastVLine
    bsp.o(i.BSP_LCD_Drawaxes) refers to bsp.o(i.BSP_LCD_DrawPixel) for BSP_LCD_DrawPixel
    bsp.o(i.BSP_LCD_Drawaxes) refers to bsp.o(i.BSP_LCD_DrawChar) for BSP_LCD_DrawChar
    bsp.o(i.BSP_LCD_Drawaxes) refers to bsp.o(.data) for Ymax
    bsp.o(i.BSP_LCD_FillRect) refers to bsp.o(i.setAddrWindow) for setAddrWindow
    bsp.o(i.BSP_LCD_FillRect) refers to bsp.o(i.writedata) for writedata
    bsp.o(i.BSP_LCD_FillRect) refers to bsp.o(.data) for _width
    bsp.o(i.BSP_LCD_FillScreen) refers to bsp.o(i.BSP_LCD_FillRect) for BSP_LCD_FillRect
    bsp.o(i.BSP_LCD_FillScreen) refers to bsp.o(.data) for _height
    bsp.o(i.BSP_LCD_Init) refers to bsp.o(i.ST7735_InitR) for ST7735_InitR
    bsp.o(i.BSP_LCD_OutUDec) refers to bsp.o(i.fillmessage) for fillmessage
    bsp.o(i.BSP_LCD_OutUDec) refers to bsp.o(i.BSP_LCD_DrawString) for BSP_LCD_DrawString
    bsp.o(i.BSP_LCD_OutUDec) refers to bsp.o(i.BSP_LCD_DrawChar) for BSP_LCD_DrawChar
    bsp.o(i.BSP_LCD_OutUDec) refers to bsp.o(.data) for StTextColor
    bsp.o(i.BSP_LCD_OutUDec) refers to bsp.o(.bss) for Message
    bsp.o(i.BSP_LCD_OutUDec4) refers to bsp.o(i.fillmessage4) for fillmessage4
    bsp.o(i.BSP_LCD_OutUDec4) refers to bsp.o(i.BSP_LCD_DrawString) for BSP_LCD_DrawString
    bsp.o(i.BSP_LCD_OutUDec4) refers to bsp.o(i.BSP_LCD_DrawChar) for BSP_LCD_DrawChar
    bsp.o(i.BSP_LCD_OutUDec4) refers to bsp.o(.data) for Messageindex
    bsp.o(i.BSP_LCD_OutUDec4) refers to bsp.o(.bss) for Message
    bsp.o(i.BSP_LCD_OutUDec5) refers to bsp.o(i.fillmessage5) for fillmessage5
    bsp.o(i.BSP_LCD_OutUDec5) refers to bsp.o(i.BSP_LCD_DrawString) for BSP_LCD_DrawString
    bsp.o(i.BSP_LCD_OutUDec5) refers to bsp.o(i.BSP_LCD_DrawChar) for BSP_LCD_DrawChar
    bsp.o(i.BSP_LCD_OutUDec5) refers to bsp.o(.data) for Messageindex
    bsp.o(i.BSP_LCD_OutUDec5) refers to bsp.o(.bss) for Message
    bsp.o(i.BSP_LCD_OutUFix2_1) refers to bsp.o(i.fillmessage2_1) for fillmessage2_1
    bsp.o(i.BSP_LCD_OutUFix2_1) refers to bsp.o(i.BSP_LCD_DrawString) for BSP_LCD_DrawString
    bsp.o(i.BSP_LCD_OutUFix2_1) refers to bsp.o(i.BSP_LCD_DrawChar) for BSP_LCD_DrawChar
    bsp.o(i.BSP_LCD_OutUFix2_1) refers to bsp.o(.data) for StY
    bsp.o(i.BSP_LCD_OutUFix2_1) refers to bsp.o(.bss) for Message
    bsp.o(i.BSP_LCD_OutUHex2) refers to bsp.o(i.fillmessage2_Hex) for fillmessage2_Hex
    bsp.o(i.BSP_LCD_OutUHex2) refers to bsp.o(i.BSP_LCD_DrawString) for BSP_LCD_DrawString
[...]
    i.BSP_Joystick_Init                      0x00000dcc   Section        0  bsp.o(i.BSP_Joystick_Init)
    i.BSP_Joystick_Input                     0x00000efc   Section        0  bsp.o(i.BSP_Joystick_Input)
    i.BSP_LCD_Color565                       0x00000f3c   Section        0  bsp.o(i.BSP_LCD_Color565)
    i.BSP_LCD_DrawChar                       0x00000f54   Section        0  bsp.o(i.BSP_LCD_DrawChar)
    i.BSP_LCD_DrawFastHLine                  0x00001064   Section        0  bsp.o(i.BSP_LCD_DrawFastHLine)
    i.BSP_LCD_DrawFastVLine                  0x000010e0   Section        0  bsp.o(i.BSP_LCD_DrawFastVLine)
    i.BSP_LCD_DrawPixel                      0x0000115c   Section        0  bsp.o(i.BSP_LCD_DrawPixel)
    i.BSP_LCD_DrawString                     0x000011a4   Section        0  bsp.o(i.BSP_LCD_DrawString)
    i.BSP_LCD_Drawaxes                       0x000011fc   Section        0  bsp.o(i.BSP_LCD_Drawaxes)
    i.BSP_LCD_FillRect                       0x00001320   Section        0  bsp.o(i.BSP_LCD_FillRect)
    i.BSP_LCD_FillScreen                     0x000013cc   Section        0  bsp.o(i.BSP_LCD_FillScreen)
    i.BSP_LCD_Init                           0x000013f0   Section        0  bsp.o(i.BSP_LCD_Init)
    i.BSP_LCD_OutUDec4                       0x000013fc   Section        0  bsp.o(i.BSP_LCD_OutUDec4)
    i.BSP_LCD_PlotIncrement                  0x00001484   Section        0  bsp.o(i.BSP_LCD_PlotIncrement)
    i.BSP_LCD_PlotPoint                      0x000014bc   Section        0  bsp.o(i.BSP_LCD_PlotPoint)
    i.BSP_LCD_SetCursor                      0x00001520   Section        0  bsp.o(i.BSP_LCD_SetCursor)
    i.BSP_LightSensor_End                    0x00001540   Section        0  bsp.o(i.BSP_LightSensor_End)
    i.BSP_LightSensor_Init                   0x00001584   Section        0  bsp.o(i.BSP_LightSensor_Init)
    i.BSP_LightSensor_Input                  0x000015d8   Section        0  bsp.o(i.BSP_LightSensor_Input)
    i.BSP_LightSensor_Start                  0x0000160c   Section        0  bsp.o(i.BSP_LightSensor_Start)
    i.BSP_Microphone_Init                    0x00001628   Section        0  bsp.o(i.BSP_Microphone_Init)
    i.BSP_Microphone_Input                   0x000016d4   Section        0  bsp.o(i.BSP_Microphone_Input)
    i.BSP_RGB_Init                           0x00001700   Section        0  bsp.o(i.BSP_RGB_Init)
    i.BSP_RGB_Set                            0x00001940   Section        0  bsp.o(i.BSP_RGB_Set)
    i.BSP_Time_Get                           0x00001990   Section        0  bsp.o(i.BSP_Time_Get)
    i.BSP_Time_Init                          0x000019a0   Section        0  bsp.o(i.BSP_Time_Init)
    i.Bluetooth_Init                         0x00001a0c   Section        0  lab6.o(i.Bluetooth_Init)
    i.Bluetooth_ReadLight                    0x00001b90   Section        0  lab6.o(i.Bluetooth_ReadLight)
    i.Bluetooth_ReadPlotState                0x00001bb4   Section        0  lab6.o(i.Bluetooth_ReadPlotState)
    i.Bluetooth_ReadSound                    0x00001bdc   Section        0  lab6.o(i.Bluetooth_ReadSound)
    i.Bluetooth_ReadTime                     0x00001c04   Section        0  lab6.o(i.Bluetooth_ReadTime)
    i.Bluetooth_Steps                        0x00001c28   Section        0  lab6.o(i.Bluetooth_Steps)
    i.Bluetooth_WritePlotState               0x00001c44   Section        0  lab6.o(i.Bluetooth_WritePlotState)
    i.BuildAddCharDescriptorMsg              0x00001c8c   Section        0  ap_lab6.o(i.BuildAddCharDescriptorMsg)
    i.BuildAddCharValueMsg                   0x00001ce2   Section        0  ap_lab6.o(i.BuildAddCharValueMsg)
    i.BuildAddNotifyCharDescriptorMsg        0x00001d38   Section        0  ap_lab6.o(i.BuildAddNotifyCharDescriptorMsg)
    i.BuildAddServiceMsg                     0x00001d94   Section        0  ap_lab6.o(i.BuildAddServiceMsg)
    i.BuildGetStatusMsg                      0x00001dd0   Section        0  ap_lab6.o(i.BuildGetStatusMsg)
    i.BuildGetVersionMsg                     0x00001dfe   Section        0  ap_lab6.o(i.BuildGetVersionMsg)
    i.BuildRegisterServiceMsg                0x00001e2c   Section        0  ap_lab6.o(i.BuildRegisterServiceMsg)
    i.BuildSetAdvertisementData1Msg          0x00001e5a   Section        0  ap_lab6.o(i.BuildSetAdvertisementData1Msg)
    i.BuildSetAdvertisementDataMsg           0x00001eb8   Section        0  ap_lab6.o(i.BuildSetAdvertisementDataMsg)
    i.BuildSetDeviceNameMsg                  0x00001f36   Section        0  ap_lab6.o(i.BuildSetDeviceNameMsg)
    i.BuildStartAdvertisementMsg             0x00001f82   Section        0  ap_lab6.o(i.BuildStartAdvertisementMsg)
    i.Clock_Delay1ms                         0x00001ff4   Section        0  cortexm.o(i.Clock_Delay1ms)
    i.Encrypt                                0x0000200c   Section        0  texas.o(i.Encrypt)
    Encrypt                                  0x0000200d   Thumb Code    86  texas.o(i.Encrypt)
    i.GPIO_Init                              0x00002074   Section        0  gpio.o(i.GPIO_Init)
    i.I2C_Recv2                              0x000021b0   Section        0  bsp.o(i.I2C_Recv2)
    I2C_Recv2                                0x000021b1   Thumb Code   116  bsp.o(i.I2C_Recv2)
    i.I2C_Send1                              0x00002228   Section        0  bsp.o(i.I2C_Send1)
    I2C_Send1                                0x00002229   Thumb Code    68  bsp.o(i.I2C_Send1)
    i.I2C_Send3                              0x00002270   Section        0  bsp.o(i.I2C_Send3)
    I2C_Send3                                0x00002271   Thumb Code   170  bsp.o(i.I2C_Send3)
    i.Lab6BuildAddCharDescriptorMsgSolution  0x00002320   Section        0  texas.o(i.Lab6BuildAddCharDescriptorMsgSolution)
    Lab6BuildAddCharDescriptorMsgSolution    0x00002321   Thumb Code    88  texas.o(i.Lab6BuildAddCharDescriptorMsgSolution)
    i.Lab6BuildAddCharValueMsgSolution       0x00002378   Section        0  texas.o(i.Lab6BuildAddCharValueMsgSolution)
    Lab6BuildAddCharValueMsgSolution         0x00002379   Thumb Code    64  texas.o(i.Lab6BuildAddCharValueMsgSolution)
    i.Lab6BuildAddNotifyCharDescriptorMsgSolution 0x000023b8   Section        0  texas.o(i.Lab6BuildAddNotifyCharDescriptorMsgSolution)
    Lab6BuildAddNotifyCharDescriptorMsgSolution 0x000023b9   Thumb Code    92  texas.o(i.Lab6BuildAddNotifyCharDescriptorMsgSolution)
    i.Lab6BuildAddServiceMsgSolution         0x00002414   Section        0  texas.o(i.Lab6BuildAddServiceMsgSolution)
    Lab6BuildAddServiceMsgSolution           0x00002415   Thumb Code    44  texas.o(i.Lab6BuildAddServiceMsgSolution)
    i.Lab6BuildGetStatusMsgSolution          0x00002440   Section        0  texas.o(i.Lab6BuildGetStatusMsgSolution)
    Lab6BuildGetStatusMsgSolution            0x00002441   Thumb Code    30  texas.o(i.Lab6BuildGetStatusMsgSolution)
    i.Lab6BuildGetVersionMsgSolution         0x0000245e   Section        0  texas.o(i.Lab6BuildGetVersionMsgSolution)
    Lab6BuildGetVersionMsgSolution           0x0000245f   Thumb Code    30  texas.o(i.Lab6BuildGetVersionMsgSolution)
    i.Lab6BuildRegisterServiceMsgSolution    0x0000247c   Section        0  texas.o(i.Lab6BuildRegisterServiceMsgSolution)
    Lab6BuildRegisterServiceMsgSolution      0x0000247d   Thumb Code    30  texas.o(i.Lab6BuildRegisterServiceMsgSolution)
    i.Lab6BuildSetAdvertisementData1MsgSolution 0x0000249a   Section        0  texas.o(i.Lab6BuildSetAdvertisementData1MsgSolution)
    Lab6BuildSetAdvertisementData1MsgSolution 0x0000249b   Thumb Code    72  texas.o(i.Lab6BuildSetAdvertisementData1MsgSolution)
    i.Lab6BuildSetAdvertisementDataMsgSolution 0x000024e2   Section        0  texas.o(i.Lab6BuildSetAdvertisementDataMsgSolution)
    Lab6BuildSetAdvertisementDataMsgSolution 0x000024e3   Thumb Code   126  texas.o(i.Lab6BuildSetAdvertisementDataMsgSolution)
    i.Lab6BuildSetAdvertisementDataMsgSolutionold 0x00002560   Section        0  texas.o(i.Lab6BuildSetAdvertisementDataMsgSolutionold)
    Lab6BuildSetAdvertisementDataMsgSolutionold 0x00002561   Thumb Code   126  texas.o(i.Lab6BuildSetAdvertisementDataMsgSolutionold)
    i.Lab6BuildSetDeviceNameMsgSolution      0x000025de   Section        0  texas.o(i.Lab6BuildSetDeviceNameMsgSolution)
    Lab6BuildSetDeviceNameMsgSolution        0x000025df   Thumb Code    68  texas.o(i.Lab6BuildSetDeviceNameMsgSolution)
    i.Lab6BuildStartAdvertisementMsgSolution 0x00002622   Section        0  texas.o(i.Lab6BuildStartAdvertisementMsgSolution)
    Lab6BuildStartAdvertisementMsgSolution   0x00002623   Thumb Code    76  texas.o(i.Lab6BuildStartAdvertisementMsgSolution)
    i.Lab6GradeAddCharDescriptorMsg          0x00002670   Section        0  texas.o(i.Lab6GradeAddCharDescriptorMsg)
    Lab6GradeAddCharDescriptorMsg            0x00002671   Thumb Code    78  texas.o(i.Lab6GradeAddCharDescriptorMsg)
    i.Lab6GradeAddCharValueMsg               0x000026f8   Section        0  texas.o(i.Lab6GradeAddCharValueMsg)
    Lab6GradeAddCharValueMsg                 0x000026f9   Thumb Code   104  texas.o(i.Lab6GradeAddCharValueMsg)
    i.Lab6GradeAddNotifyCharDescriptorMsg    0x00002784   Section        0  texas.o(i.Lab6GradeAddNotifyCharDescriptorMsg)
    Lab6GradeAddNotifyCharDescriptorMsg      0x00002785   Thumb Code    78  texas.o(i.Lab6GradeAddNotifyCharDescriptorMsg)
    i.Lab6GradeAddServiceMsg                 0x00002810   Section        0  texas.o(i.Lab6GradeAddServiceMsg)
    Lab6GradeAddServiceMsg                   0x00002811   Thumb Code   106  texas.o(i.Lab6GradeAddServiceMsg)
    i.Lab6GradeGetStatusMsg                  0x000028a0   Section        0  texas.o(i.Lab6GradeGetStatusMsg)
    Lab6GradeGetStatusMsg                    0x000028a1   Thumb Code    44  texas.o(i.Lab6GradeGetStatusMsg)
    i.Lab6GradeGetVersionMsg                 0x000028f0   Section        0  texas.o(i.Lab6GradeGetVersionMsg)
    Lab6GradeGetVersionMsg                   0x000028f1   Thumb Code    44  texas.o(i.Lab6GradeGetVersionMsg)
    i.Lab6GradeRegisterServiceMsg            0x00002940   Section        0  texas.o(i.Lab6GradeRegisterServiceMsg)
    Lab6GradeRegisterServiceMsg              0x00002941   Thumb Code    44  texas.o(i.Lab6GradeRegisterServiceMsg)
    i.Lab6GradeSetAdvertisementData1Msg      0x00002994   Section        0  texas.o(i.Lab6GradeSetAdvertisementData1Msg)
    Lab6GradeSetAdvertisementData1Msg        0x00002995   Thumb Code    44  texas.o(i.Lab6GradeSetAdvertisementData1Msg)
    i.Lab6GradeSetAdvertisementDataMsg       0x000029f0   Section        0  texas.o(i.Lab6GradeSetAdvertisementDataMsg)
    Lab6GradeSetAdvertisementDataMsg         0x000029f1   Thumb Code    82  texas.o(i.Lab6GradeSetAdvertisementDataMsg)
    i.Lab6GradeSetAdvertisementDataMsgold    0x00002a84   Section        0  texas.o(i.Lab6GradeSetAdvertisementDataMsgold)
    Lab6GradeSetAdvertisementDataMsgold      0x00002a85   Thumb Code    78  texas.o(i.Lab6GradeSetAdvertisementDataMsgold)
    i.Lab6GradeSetDeviceNameMsg              0x00002b24   Section        0  texas.o(i.Lab6GradeSetDeviceNameMsg)
    Lab6GradeSetDeviceNameMsg                0x00002b25   Thumb Code    78  texas.o(i.Lab6GradeSetDeviceNameMsg)
    i.Lab6GradeStartAdvertisementMsg         0x00002bb0   Section        0  texas.o(i.Lab6GradeStartAdvertisementMsg)
    Lab6GradeStartAdvertisementMsg           0x00002bb1   Thumb Code    66  texas.o(i.Lab6GradeStartAdvertisementMsg)
    i.Lab6OutCheck                           0x00002c20   Section        0  texas.o(i.Lab6OutCheck)
    i.Lab6_AddCharacteristic                 0x00002cbc   Section        0  ap_lab6.o(i.Lab6_AddCharacteristic)
    i.Lab6_AddNotifyCharacteristic           0x00002ddc   Section        0  ap_lab6.o(i.Lab6_AddNotifyCharacteristic)
    i.Lab6_AddService                        0x00002f2c   Section        0  ap_lab6.o(i.Lab6_AddService)
    i.Lab6_GetStatus                         0x00002f68   Section        0  ap_lab6.o(i.Lab6_GetStatus)
    i.Lab6_GetVersion                        0x00002fbc   Section        0  ap_lab6.o(i.Lab6_GetVersion)
    i.Lab6_RegisterService                   0x00003000   Section        0  ap_lab6.o(i.Lab6_RegisterService)
    i.Lab6_StartAdvertisement                0x0000303c   Section        0  ap_lab6.o(i.Lab6_StartAdvertisement)
    i.LogicAnalyzer                          0x00003124   Section        0  texas.o(i.LogicAnalyzer)
    i.NextRandom                             0x00003138   Section        0  texas.o(i.NextRandom)
    NextRandom                               0x00003139   Thumb Code    24  texas.o(i.NextRandom)
    i.OutValue                               0x0000315c   Section        0  lab6.o(i.OutValue)
    i.PeriodicTask2_Init                     0x00003170   Section        0  texas.o(i.PeriodicTask2_Init)
    i.Profile_Init                           0x0000322c   Section        0  profile.o(i.Profile_Init)
    i.RxFifo_Get                             0x00003400   Section        0  uart1.o(i.RxFifo_Get)
    i.RxFifo_Init                            0x00003438   Section        0  uart1.o(i.RxFifo_Init)
    i.RxFifo_Put                             0x00003454   Section        0  uart1.o(i.RxFifo_Put)
    i.ST7735_InitR                           0x0000349c   Section        0  bsp.o(i.ST7735_InitR)
    ST7735_InitR                             0x0000349d   Thumb Code    86  bsp.o(i.ST7735_InitR)
    i.SetFCS                                 0x00003510   Section        0  ap_lab6.o(i.SetFCS)
    i.SetFCSSolution                         0x00003546   Section        0  texas.o(i.SetFCSSolution)
    SetFCSSolution                           0x00003547   Thumb Code    38  texas.o(i.SetFCSSolution)
    i.SetGrade                               0x0000356c   Section        0  texas.o(i.SetGrade)
    SetGrade                                 0x0000356d   Thumb Code   196  texas.o(i.SetGrade)
    i.TExaS_Grade                            0x00003638   Section        0  texas.o(i.TExaS_Grade)
    i.TExaS_Init                             0x000036e0   Section        0  texas.o(i.TExaS_Init)
    i.TExaS_Task0                            0x00003874   Section        0  texas.o(i.TExaS_Task0)
    i.TExaS_Task1                            0x000038b4   Section        0  texas.o(i.TExaS_Task1)
    i.TExaS_Task2                            0x000038f4   Section        0  texas.o(i.TExaS_Task2)
    i.TExaS_Task3                            0x00003934   Section        0  texas.o(i.TExaS_Task3)
    i.TExaS_Task4                            0x00003974   Section        0  texas.o(i.TExaS_Task4)
    i.TExaS_Task5                            0x000039b4   Section        0  texas.o(i.TExaS_Task5)
    i.TIMER5A_Handler                        0x000039f4   Section        0  texas.o(i.TIMER5A_Handler)
    i.Task0                                  0x00003a0c   Section        0  lab6.o(i.Task0)
    i.Task0_Init                             0x00003acc   Section        0  lab6.o(i.Task0_Init)
    i.Task1                                  0x00003ae0   Section        0  lab6.o(i.Task1)
    i.Task1_Init                             0x00003c88   Section        0  lab6.o(i.Task1_Init)
    i.Task2                                  0x00003ce8   Section        0  lab6.o(i.Task2)
    i.Task2_Init                             0x00003d20   Section        0  lab6.o(i.Task2_Init)
    i.Task3                                  0x00003d44   Section        0  lab6.o(i.Task3)
    i.Task3_Init                             0x00003e64   Section        0  lab6.o(i.Task3_Init)
    i.Task4                                  0x00003e80   Section        0  lab6.o(i.Task4)
    i.Task4_Init                             0x00003f10   Section        0  lab6.o(i.Task4_Init)
    i.Task5                                  0x00003f38   Section        0  lab6.o(i.Task5)
    i.Task5_Init                             0x00003fc0   Section        0  lab6.o(i.Task5_Init)
    i.UART0_Init                             0x0000401c   Section        0  uart0.o(i.UART0_Init)
    i.UART0_OutChar                          0x000040b8   Section        0  uart0.o(i.UART0_OutChar)
    i.UART0_OutString                        0x000040d0   Section        0  uart0.o(i.UART0_OutString)
    i.UART0_OutUDec                          0x000040e8   Section        0  uart0.o(i.UART0_OutUDec)
    i.UART0_OutUHex                          0x00004112   Section        0  uart0.o(i.UART0_OutUHex)
    i.UART0_OutUHex2                         0x00004146   Section        0  uart0.o(i.UART0_OutUHex2)
    i.UART1_FinishOutput                     0x0000415c   Section        0  uart1.o(i.UART1_FinishOutput)
    i.UART1_Handler                          0x00004180   Section        0  uart1.o(i.UART1_Handler)
    i.UART1_InChar                           0x000041b0   Section        0  uart1.o(i.UART1_InChar)
    i.UART1_InStatus                         0x000041c4   Section        0  uart1.o(i.UART1_InStatus)
    i.UART1_Init                             0x000041dc   Section        0  uart1.o(i.UART1_Init)
    i.UART1_OutChar                          0x000042a8   Section        0  uart1.o(i.UART1_OutChar)
    i.WideTimer3A_Handler                    0x000042c0   Section        0  bsp.o(i.WideTimer3A_Handler)
    i.WideTimer4A_Handler                    0x000042d8   Section        0  bsp.o(i.WideTimer4A_Handler)
    i.WideTimer5A_Handler                    0x000042f0   Section        0  bsp.o(i.WideTimer5A_Handler)
    i.adcinit                                0x00004308   Section        0  bsp.o(i.adcinit)
    adcinit                                  0x00004309   Thumb Code    58  bsp.o(i.adcinit)
    i.commandList                            0x00004354   Section        0  bsp.o(i.commandList)
    commandList                              0x00004355   Thumb Code    86  bsp.o(i.commandList)
    i.commonInit                             0x000043ac   Section        0  bsp.o(i.commonInit)
    commonInit                               0x000043ad   Thumb Code   452  bsp.o(i.commonInit)
    i.copyHardwareToSoftware                 0x000045b0   Section        0  uart1.o(i.copyHardwareToSoftware)
    copyHardwareToSoftware                   0x000045b1   Thumb Code    36  uart1.o(i.copyHardwareToSoftware)
    i.drawaxes                               0x000045d8   Section        0  lab6.o(i.drawaxes)
    i.fillmessage                            0x0000469c   Section        0  bsp.o(i.fillmessage)
    fillmessage                              0x0000469d   Thumb Code    64  bsp.o(i.fillmessage)
    i.fillmessage4                           0x000046e4   Section        0  bsp.o(i.fillmessage4)
    fillmessage4                             0x000046e5   Thumb Code    90  bsp.o(i.fillmessage4)
    i.i2cinit                                0x00004748   Section        0  bsp.o(i.i2cinit)
    i2cinit                                  0x00004749   Thumb Code   126  bsp.o(i.i2cinit)
    i.lightsensorend                         0x000047dc   Section        0  bsp.o(i.lightsensorend)
    lightsensorend                           0x000047dd   Thumb Code    80  bsp.o(i.lightsensorend)
    i.lightsensorstart                       0x0000482c   Section        0  bsp.o(i.lightsensorstart)
    lightsensorstart                         0x0000482d   Thumb Code    36  bsp.o(i.lightsensorstart)
    i.main                                   0x00004850   Section        0  lab6.o(i.main)
    i.outnibble                              0x00004920   Section        0  uart0.o(i.outnibble)
    i.pushColor                              0x00004940   Section        0  bsp.o(i.pushColor)
    pushColor                                0x00004941   Thumb Code    18  bsp.o(i.pushColor)
    i.setAddrWindow                          0x00004954   Section        0  bsp.o(i.setAddrWindow)
    setAddrWindow                            0x00004955   Thumb Code   106  bsp.o(i.setAddrWindow)
    i.sqrt32                                 0x000049c8   Section        0  lab6.o(i.sqrt32)
    i.writecommand                           0x000049e8   Section        0  bsp.o(i.writecommand)
    writecommand                             0x000049e9   Thumb Code    62  bsp.o(i.writecommand)
    i.writedata                              0x00004a30   Section        0  bsp.o(i.writedata)
    writedata                                0x00004a31   Thumb Code    64  bsp.o(i.writedata)
    .constdata                               0x00004a78   Section     1403  bsp.o(.constdata)
    Font                                     0x00004a78   Data        1275  bsp.o(.constdata)
    Rcmd1                                    0x00004f73   Data          59  bsp.o(.constdata)
    Rcmd2green                               0x00004fae   Data          13  bsp.o(.constdata)
    Rcmd2red                                 0x00004fbb   Data          13  bsp.o(.constdata)
    Rcmd3                                    0x00004fc8   Data          43  bsp.o(.constdata)
    .constdata                               0x00004ff4   Section      116  ap.o(.constdata)
    .constdata                               0x00005068   Section       72  texas.o(.constdata)
    .conststring                             0x000050b0   Section      102  texas.o(.conststring)
    .data                                    0x20000000   Section       68  bsp.o(.data)
    ClockFrequency                           0x20000000   Data           4  bsp.o(.data)
    PWMCycles                                0x20000004   Data           2  bsp.o(.data)
    ColStart                                 0x20000012   Data           1  bsp.o(.data)
    RowStart                                 0x20000013   Data           1  bsp.o(.data)
    _width                                   0x20000014   Data           2  bsp.o(.data)
    _height                                  0x20000016   Data           2  bsp.o(.data)
    .data                                    0x20000044   Section       74  lab6.o(.data)
    soundSum                                 0x20000084   Data           4  lab6.o(.data)
    time                                     0x20000088   Data           4  lab6.o(.data)
    prev1                                    0x2000008c   Data           1  lab6.o(.data)
    prev2                                    0x2000008d   Data           1  lab6.o(.data)
    .data                                    0x20000090   Section      200  ap.o(.data)
    .data                                    0x20000158   Section       12  uart1.o(.data)
    .data                                    0x20000164   Section       44  texas.o(.data)
    grade                                    0x20000168   Data           4  texas.o(.data)
    Random                                   0x2000016c   Data           4  texas.o(.data)
    .bss                                     0x20000190   Section       12  bsp.o(.bss)
    .bss                                     0x2000019c   Section     2000  lab6.o(.bss)
    .bss                                     0x2000096c   Section      368  ap.o(.bss)
    .bss                                     0x20000adc   Section      256  uart1.o(.bss)
    .bss                                     0x20000bdc   Section     1804  texas.o(.bss)
    TrueMsgBuffer                            0x200012a8   Data          32  texas.o(.bss)
    TestMsgBuffer                            0x200012c8   Data          32  texas.o(.bss)
    .bss                                     0x200012e8   Section       96  libspace.o(.bss)
    HEAP                                     0x20001348   Section        0  startup_tm4c123.o(HEAP)
    STACK                                    0x20001348   Section      512  startup_tm4c123.o(STACK)
    Heap_Mem                                 0x20001348   Data           0  startup_tm4c123.o(HEAP)
    Stack_Mem                                0x20001348   Data         512  startup_tm4c123.o(STACK)
    __initial_sp                             0x20001548   Data           0  startup_tm4c123.o(STACK)

    Global Symbols

    Symbol Name                              Value     Ov Type        Size  Object(Section)

    BuildAttributes$$THM_ISAv4$E$P$D$K$B$S$7EM$PE$A:L22UL41UL21$X:L11$S22US41US21$IEEE1$IW$USESV6$~STKCKD$USESV7$~SHL$OSPACE$ROPI$EBA8$UX$STANDARDLIB$REQ8$PRES8$EABIv2 0x00000000   Number         0  anon$$obj.o ABSOLUTE
    __ARM_use_no_argv                        0x00000000   Number         0  lab6.o ABSOLUTE
    __Vectors                                0x00000000   Data           4  startup_tm4c123.o(RESET)
    __ARM_exceptions_init                     - Undefined Weak Reference
    __alloca_initialize                       - Undefined Weak Reference
    __arm_preinit_                            - Undefined Weak Reference
    __cpp_initialize__aeabi_                  - Undefined Weak Reference
    __cxa_finalize                            - Undefined Weak Reference
    __rt_locale                               - Undefined Weak Reference
    __sigvec_lookup                           - Undefined Weak Reference
    _atexit_init                              - Undefined Weak Reference
    _call_atexit_fns                          - Undefined Weak Reference
    _clock_init                               - Undefined Weak Reference
    _fp_trap_init                             - Undefined Weak Reference
    _fp_trap_shutdown                         - Undefined Weak Reference
    _get_lc_collate                           - Undefined Weak Reference
    _get_lc_ctype                             - Undefined Weak Reference
    _get_lc_monetary                          - Undefined Weak Reference
    _get_lc_numeric                           - Undefined Weak Reference
    _get_lc_time                              - Undefined Weak Reference
    _getenv_init                              - Undefined Weak Reference
    _handle_redirection                       - Undefined Weak Reference
    _init_alloc                               - Undefined Weak Reference
    _init_user_alloc                          - Undefined Weak Reference
    _initio                                   - Undefined Weak Reference
    _rand_init                                - Undefined Weak Reference
    _signal_finish                            - Undefined Weak Reference
    _signal_init                              - Undefined Weak Reference
    _terminate_alloc                          - Undefined Weak Reference
    _terminate_user_alloc                     - Undefined Weak Reference
    _terminateio                              - Undefined Weak Reference
    __Vectors_End                            0x0000026c   Data           0  startup_tm4c123.o(RESET)
    __Vectors_Size                           0x0000026c   Number         0  startup_tm4c123.o ABSOLUTE
    __main                                   0x0000026d   Thumb Code     8  __main.o(!!!main)
    __scatterload                            0x00000275   Thumb Code     0  __scatter.o(!!!scatter)
    __scatterload_rt2                        0x00000275   Thumb Code    44  __scatter.o(!!!scatter)
    __scatterload_rt2_thumb_only             0x00000275   Thumb Code     0  __scatter.o(!!!scatter)
    __scatterload_null                       0x00000283   Thumb Code     0  __scatter.o(!!!scatter)
    __decompress                             0x000002a9   Thumb Code    90  __dczerorl2.o(!!dczerorl2)
    __decompress1                            0x000002a9   Thumb Code     0  __dczerorl2.o(!!dczerorl2)
    __scatterload_zeroinit                   0x00000305   Thumb Code    28  __scatter_zi.o(!!handler_zi)
    __rt_lib_init                            0x00000321   Thumb Code     0  libinit.o(.ARM.Collect$$libinit$$00000000)
    __rt_lib_init_alloca_1                   0x00000323   Thumb Code     0  libinit2.o(.ARM.Collect$$libinit$$0000002E)
    __rt_lib_init_argv_1                     0x00000323   Thumb Code     0  libinit2.o(.ARM.Collect$$libinit$$0000002C)
    __rt_lib_init_atexit_1                   0x00000323   Thumb Code     0  libinit2.o(.ARM.Collect$$libinit$$0000001B)
    __rt_lib_init_clock_1                    0x00000323   Thumb Code     0  libinit2.o(.ARM.Collect$$libinit$$00000021)
    __rt_lib_init_cpp_1                      0x00000323   Thumb Code     0  libinit2.o(.ARM.Collect$$libinit$$00000032)
    __rt_lib_init_exceptions_1               0x00000323   Thumb Code     0  libinit2.o(.ARM.Collect$$libinit$$00000030)
    __rt_lib_init_fp_1                       0x00000323   Thumb Code     0  libinit2.o(.ARM.Collect$$libinit$$00000002)
    __rt_lib_init_fp_trap_1                  0x00000323   Thumb Code     0  libinit2.o(.ARM.Collect$$libinit$$0000001F)
    __rt_lib_init_getenv_1                   0x00000323   Thumb Code     0  libinit2.o(.ARM.Collect$$libinit$$00000023)
    __rt_lib_init_heap_1                     0x00000323   Thumb Code     0  libinit2.o(.ARM.Collect$$libinit$$0000000A)
    __rt_lib_init_lc_collate_1               0x00000323   Thumb Code     0  libinit2.o(.ARM.Collect$$libinit$$00000011)
    __rt_lib_init_lc_ctype_1                 0x00000323   Thumb Code     0  libinit2.o(.ARM.Collect$$libinit$$00000013)
    __rt_lib_init_lc_monetary_1              0x00000323   Thumb Code     0  libinit2.o(.ARM.Collect$$libinit$$00000015)
    __rt_lib_init_lc_numeric_1               0x00000323   Thumb Code     0  libinit2.o(.ARM.Collect$$libinit$$00000017)
    __rt_lib_init_lc_time_1                  0x00000323   Thumb Code     0  libinit2.o(.ARM.Collect$$libinit$$00000019)
    __rt_lib_init_preinit_1                  0x00000323   Thumb Code     0  libinit2.o(.ARM.Collect$$libinit$$00000004)
    __rt_lib_init_rand_1                     0x00000323   Thumb Code     0  libinit2.o(.ARM.Collect$$libinit$$0000000E)
    __rt_lib_init_return                     0x00000323   Thumb Code     0  libinit2.o(.ARM.Collect$$libinit$$00000033)
    __rt_lib_init_signal_1                   0x00000323   Thumb Code     0  libinit2.o(.ARM.Collect$$libinit$$0000001D)
    __rt_lib_init_stdio_1                    0x00000323   Thumb Code     0  libinit2.o(.ARM.Collect$$libinit$$00000025)
    __rt_lib_init_user_alloc_1               0x00000323   Thumb Code     0  libinit2.o(.ARM.Collect$$libinit$$0000000C)
    __rt_lib_shutdown                        0x00000325   Thumb Code     0  libshutdown.o(.ARM.Collect$$libshutdown$$00000000)
    __rt_lib_shutdown_cpp_1                  0x00000327   Thumb Code     0  libshutdown2.o(.ARM.Collect$$libshutdown$$00000002)
    __rt_lib_shutdown_fp_trap_1              0x00000327   Thumb Code     0  libshutdown2.o(.ARM.Collect$$libshutdown$$00000007)
    __rt_lib_shutdown_heap_1                 0x00000327   Thumb Code     0  libshutdown2.o(.ARM.Collect$$libshutdown$$0000000F)
    __rt_lib_shutdown_return                 0x00000327   Thumb Code     0  libshutdown2.o(.ARM.Collect$$libshutdown$$00000010)
    __rt_lib_shutdown_signal_1               0x00000327   Thumb Code     0  libshutdown2.o(.ARM.Collect$$libshutdown$$0000000A)
    __rt_lib_shutdown_stdio_1                0x00000327   Thumb Code     0  libshutdown2.o(.ARM.Collect$$libshutdown$$00000004)
    __rt_lib_shutdown_user_alloc_1           0x00000327   Thumb Code     0  libshutdown2.o(.ARM.Collect$$libshutdown$$0000000C)
    __rt_entry                               0x00000329   Thumb Code     0  __rtentry.o(.ARM.Collect$$rtentry$$00000000)
    __rt_entry_presh_1                       0x00000329   Thumb Code     0  __rtentry2.o(.ARM.Collect$$rtentry$$00000002)
    __rt_entry_sh                            0x00000329   Thumb Code     0  __rtentry4.o(.ARM.Collect$$rtentry$$00000004)
    __rt_entry_li                            0x0000032f   Thumb Code     0  __rtentry2.o(.ARM.Collect$$rtentry$$0000000A)
    __rt_entry_postsh_1                      0x0000032f   Thumb Code     0  __rtentry2.o(.ARM.Collect$$rtentry$$00000009)
    __rt_entry_main                          0x00000333   Thumb Code     0  __rtentry2.o(.ARM.Collect$$rtentry$$0000000D)
    __rt_entry_postli_1                      0x00000333   Thumb Code     0  __rtentry2.o(.ARM.Collect$$rtentry$$0000000C)
    __rt_exit                                0x0000033b   Thumb Code     0  rtexit.o(.ARM.Collect$$rtexit$$00000000)
    __rt_exit_ls                             0x0000033d   Thumb Code     0  rtexit2.o(.ARM.Collect$$rtexit$$00000003)
    __rt_exit_prels_1                        0x0000033d   Thumb Code     0  rtexit2.o(.ARM.Collect$$rtexit$$00000002)
    __rt_exit_exit                           0x00000341   Thumb Code     0  rtexit2.o(.ARM.Collect$$rtexit$$00000004)
    parrotdelay                              0x00000349   Thumb Code     6  bsp.o(.emb_text)
    delay                                    0x00000351   Thumb Code     6  cortexm.o(.emb_text)
    Reset_Handler                            0x00000359   Thumb Code     4  startup_tm4c123.o(.text)
    NMI_Handler                              0x0000035d   Thumb Code     2  startup_tm4c123.o(.text)
    HardFault_Handler                        0x0000035f   Thumb Code     2  startup_tm4c123.o(.text)
    MemManage_Handler                        0x00000361   Thumb Code     2  startup_tm4c123.o(.text)
    BusFault_Handler                         0x00000363   Thumb Code     2  startup_tm4c123.o(.text)
    UsageFault_Handler                       0x00000365   Thumb Code     2  startup_tm4c123.o(.text)
    SVC_Handler                              0x00000367   Thumb Code     2  startup_tm4c123.o(.text)
    DebugMon_Handler                         0x00000369   Thumb Code     2  startup_tm4c123.o(.text)
    PendSV_Handler                           0x0000036b   Thumb Code     2  startup_tm4c123.o(.text)
    SysTick_Handler                          0x0000036d   Thumb Code     2  startup_tm4c123.o(.text)
    GPIOPortA_Handler                        0x0000036f   Thumb Code     2  startup_tm4c123.o(.text)
    GPIOPortB_Handler                        0x00000371   Thumb Code     2  startup_tm4c123.o(.text)
    GPIOPortC_Handler                        0x00000373   Thumb Code     2  startup_tm4c123.o(.text)
    GPIOPortD_Handler                        0x00000375   Thumb Code     2  startup_tm4c123.o(.text)
    GPIOPortE_Handler                        0x00000377   Thumb Code     2  startup_tm4c123.o(.text)
    UART0_Handler                            0x00000379   Thumb Code     2  startup_tm4c123.o(.text)
    SSI0_Handler                             0x0000037d   Thumb Code     2  startup_tm4c123.o(.text)
    I2C0_Handler                             0x0000037f   Thumb Code     2  startup_tm4c123.o(.text)
    PMW0_FAULT_Handler                       0x00000381   Thumb Code     2  startup_tm4c123.o(.text)
    PWM0Generator0_Handler                   0x00000383   Thumb Code     2  startup_tm4c123.o(.text)
    PWM0Generator1_Handler                   0x00000385   Thumb Code     2  startup_tm4c123.o(.text)
    PWM0Generator2_Handler                   0x00000387   Thumb Code     2  startup_tm4c123.o(.text)
    Quadrature0_Handler                      0x00000389   Thumb Code     2  startup_tm4c123.o(.text)
    ADC0Seq0_Handler                         0x0000038b   Thumb Code     2  startup_tm4c123.o(.text)
    ADC0Seq1_Handler                         0x0000038d   Thumb Code     2  startup_tm4c123.o(.text)
    ADC0Seq2_Handler                         0x0000038f   Thumb Code     2  startup_tm4c123.o(.text)
    ADC0Seq3_Handler                         0x00000391   Thumb Code     2  startup_tm4c123.o(.text)
    WDT_Handler                              0x00000393   Thumb Code     2  startup_tm4c123.o(.text)
    TIMER0A_Handler                          0x00000395   Thumb Code     2  startup_tm4c123.o(.text)
    TIMER0B_Handler                          0x00000397   Thumb Code     2  startup_tm4c123.o(.text)
    TIMER1A_Handler                          0x00000399   Thumb Code     2  startup_tm4c123.o(.text)
    TIMER1B_Handler                          0x0000039b   Thumb Code     2  startup_tm4c123.o(.text)
    TIMER2A_Handler                          0x0000039d   Thumb Code     2  startup_tm4c123.o(.text)
    TIMER2B_Handler                          0x0000039f   Thumb Code     2  startup_tm4c123.o(.text)
    COMP0_Handler                            0x000003a1   Thumb Code     2  startup_tm4c123.o(.text)
    COMP1_Handler                            0x000003a3   Thumb Code     2  startup_tm4c123.o(.text)
    COMP2_Handler                            0x000003a5   Thumb Code     2  startup_tm4c123.o(.text)
    SYSCTL_Handler                           0x000003a7   Thumb Code     2  startup_tm4c123.o(.text)
    FlashCtl_Handler                         0x000003a9   Thumb Code     2  startup_tm4c123.o(.text)
    GPIOPortF_Handler                        0x000003ab   Thumb Code     2  startup_tm4c123.o(.text)
    GPIOPortG_Handler                        0x000003ad   Thumb Code     2  startup_tm4c123.o(.text)
    GPIOPortH_Handler                        0x000003af   Thumb Code     2  startup_tm4c123.o(.text)
    UART2_Handler                            0x000003b1   Thumb Code     2  startup_tm4c123.o(.text)
    SSI1_Handler                             0x000003b3   Thumb Code     2  startup_tm4c123.o(.text)
    TIMER3A_Handler                          0x000003b5   Thumb Code     2  startup_tm4c123.o(.text)
    TIMER3B_Handler                          0x000003b7   Thumb Code     2  startup_tm4c123.o(.text)
    I2C1_Handler                             0x000003b9   Thumb Code     2  startup_tm4c123.o(.text)
    Quadrature1_Handler                      0x000003bb   Thumb Code     2  startup_tm4c123.o(.text)
    CAN0_Handler                             0x000003bd   Thumb Code     2  startup_tm4c123.o(.text)
    CAN1_Handler                             0x000003bf   Thumb Code     2  startup_tm4c123.o(.text)
    CAN2_Handler                             0x000003c1   Thumb Code     2  startup_tm4c123.o(.text)
    Hibernate_Handler                        0x000003c3   Thumb Code     2  startup_tm4c123.o(.text)
    USB0_Handler                             0x000003c5   Thumb Code     2  startup_tm4c123.o(.text)
    PWM0Generator3_Handler                   0x000003c7   Thumb Code     2  startup_tm4c123.o(.text)
    UDMA_Handler                             0x000003c9   Thumb Code     2  startup_tm4c123.o(.text)
    UDMAERR_Handler                          0x000003cb   Thumb Code     2  startup_tm4c123.o(.text)
    ADC1Seq0_Handler                         0x000003cd   Thumb Code     2  startup_tm4c123.o(.text)
    ADC1Seq1_Handler                         0x000003cf   Thumb Code     2  startup_tm4c123.o(.text)
    ADC1Seq2_Handler                         0x000003d1   Thumb Code     2  startup_tm4c123.o(.text)
    ADC1Seq3_Handler                         0x000003d3   Thumb Code     2  startup_tm4c123.o(.text)
    GPIOPortJ_Handler                        0x000003d5   Thumb Code     2  startup_tm4c123.o(.text)
    GPIOPortK_Handler                        0x000003d7   Thumb Code     2  startup_tm4c123.o(.text)
    GPIOPortL_Handler                        0x000003d9   Thumb Code     2  startup_tm4c123.o(.text)
    SSI2_Handler                             0x000003db   Thumb Code     2  startup_tm4c123.o(.text)
    SSI3_Handler                             0x000003dd   Thumb Code     2  startup_tm4c123.o(.text)
    UART3_Handler                            0x000003df   Thumb Code     2  startup_tm4c123.o(.text)
    UART4_Handler                            0x000003e1   Thumb Code     2  startup_tm4c123.o(.text)
    UART5_Handler                            0x000003e3   Thumb Code     2  startup_tm4c123.o(.text)
    UART6_Handler                            0x000003e5   Thumb Code     2  startup_tm4c123.o(.text)
    UART7_Handler                            0x000003e7   Thumb Code     2  startup_tm4c123.o(.text)
    I2C2_Handler                             0x000003e9   Thumb Code     2  startup_tm4c123.o(.text)
    I2C3_Handler                             0x000003eb   Thumb Code     2  startup_tm4c123.o(.text)
    TIMER4A_Handler                          0x000003ed   Thumb Code     2  startup_tm4c123.o(.text)
    TIMER4B_Handler                          0x000003ef   Thumb Code     2  startup_tm4c123.o(.text)
    TIMER5B_Handler                          0x000003f3   Thumb Code     2  startup_tm4c123.o(.text)
    WideTimer0A_Handler                      0x000003f5   Thumb Code     2  startup_tm4c123.o(.text)
    WideTimer0B_Handler                      0x000003f7   Thumb Code     2  startup_tm4c123.o(.text)
    WideTimer1A_Handler                      0x000003f9   Thumb Code     2  startup_tm4c123.o(.text)
    WideTimer1B_Handler                      0x000003fb   Thumb Code     2  startup_tm4c123.o(.text)
    WideTimer2A_Handler                      0x000003fd   Thumb Code     2  startup_tm4c123.o(.text)
    WideTimer2B_Handler                      0x000003ff   Thumb Code     2  startup_tm4c123.o(.text)
    WideTimer3B_Handler                      0x00000403   Thumb Code     2  startup_tm4c123.o(.text)
    WideTimer4B_Handler                      0x00000407   Thumb Code     2  startup_tm4c123.o(.text)
    WideTimer5B_Handler                      0x0000040b   Thumb Code     2  startup_tm4c123.o(.text)
    FPU_Handler                              0x0000040d   Thumb Code     2  startup_tm4c123.o(.text)
    I2C4_Handler                             0x0000040f   Thumb Code     2  startup_tm4c123.o(.text)
    I2C5_Handler                             0x00000411   Thumb Code     2  startup_tm4c123.o(.text)
    GPIOPortM_Handler                        0x00000413   Thumb Code     2  startup_tm4c123.o(.text)
    GPIOPortN_Handler                        0x00000415   Thumb Code     2  startup_tm4c123.o(.text)
    QEI2_Handler                             0x00000417   Thumb Code     2  startup_tm4c123.o(.text)
    GPIOPortP0_Handler                       0x00000419   Thumb Code     2  startup_tm4c123.o(.text)
    GPIOPortP1_Handler                       0x0000041b   Thumb Code     2  startup_tm4c123.o(.text)
    GPIOPortP2_Handler                       0x0000041d   Thumb Code     2  startup_tm4c123.o(.text)
    GPIOPortP3_Handler                       0x0000041f   Thumb Code     2  startup_tm4c123.o(.text)
    GPIOPortP4_Handler                       0x00000421   Thumb Code     2  startup_tm4c123.o(.text)
    GPIOPortP5_Handler                       0x00000423   Thumb Code     2  startup_tm4c123.o(.text)
    GPIOPortP6_Handler                       0x00000425   Thumb Code     2  startup_tm4c123.o(.text)
    GPIOPortP7_Handler                       0x00000427   Thumb Code     2  startup_tm4c123.o(.text)
    GPIOPortQ0_Handler                       0x00000429   Thumb Code     2  startup_tm4c123.o(.text)
    GPIOPortQ1_Handler                       0x0000042b   Thumb Code     2  startup_tm4c123.o(.text)
    GPIOPortQ2_Handler                       0x0000042d   Thumb Code     2  startup_tm4c123.o(.text)
    GPIOPortQ3_Handler                       0x0000042f   Thumb Code     2  startup_tm4c123.o(.text)
    GPIOPortQ4_Handler                       0x00000431   Thumb Code     2  startup_tm4c123.o(.text)
    GPIOPortQ5_Handler                       0x00000433   Thumb Code     2  startup_tm4c123.o(.text)
    GPIOPortQ6_Handler                       0x00000435   Thumb Code     2  startup_tm4c123.o(.text)
    GPIOPortQ7_Handler                       0x00000437   Thumb Code     2  startup_tm4c123.o(.text)
    GPIOPortR_Handler                        0x00000439   Thumb Code     2  startup_tm4c123.o(.text)
    GPIOPortS_Handler                        0x0000043b   Thumb Code     2  startup_tm4c123.o(.text)
    PWM1Generator0_Handler                   0x0000043d   Thumb Code     2  startup_tm4c123.o(.text)
    PWM1Generator1_Handler                   0x0000043f   Thumb Code     2  startup_tm4c123.o(.text)
    PWM1Generator2_Handler                   0x00000441   Thumb Code     2  startup_tm4c123.o(.text)
    PWM1Generator3_Handler                   0x00000443   Thumb Code     2  startup_tm4c123.o(.text)
    PWM1Fault_Handler                        0x00000445   Thumb Code     2  startup_tm4c123.o(.text)
    DisableInterrupts                        0x0000044d   Thumb Code     0  startup_tm4c123.o(.text)
    EnableInterrupts                         0x00000451   Thumb Code     0  startup_tm4c123.o(.text)
    StartCritical                            0x00000455   Thumb Code     0  startup_tm4c123.o(.text)
    EndCritical                              0x0000045d   Thumb Code     0  startup_tm4c123.o(.text)
    WaitForInterrupt                         0x00000463   Thumb Code     0  startup_tm4c123.o(.text)
    __user_initial_stackheap                 0x00000467   Thumb Code     0  startup_tm4c123.o(.text)
    __use_two_region_memory                  0x0000047d   Thumb Code     2  heapauxi.o(.text)
    __rt_heap_escrow$2region                 0x0000047f   Thumb Code     2  heapauxi.o(.text)
    __rt_heap_expand$2region                 0x00000481   Thumb Code     2  heapauxi.o(.text)
    __user_setup_stackheap                   0x00000483   Thumb Code    74  sys_stackheap_outer.o(.text)
    exit                                     0x000004cd   Thumb Code    18  exit.o(.text)
    __user_libspace                          0x000004e1   Thumb Code     8  libspace.o(.text)
    __user_perproc_libspace                  0x000004e1   Thumb Code     0  libspace.o(.text)
    __user_perthread_libspace                0x000004e1   Thumb Code     0  libspace.o(.text)
    _sys_exit                                0x000004e9   Thumb Code     8  sys_exit.o(.text)
    __I$use$semihosting                      0x000004f5   Thumb Code     0  use_no_semi.o(.text)
    __use_no_semihosting_swi                 0x000004f5   Thumb Code     2  use_no_semi.o(.text)
    __semihosting_library_function           0x000004f7   Thumb Code     0  indicate_semi.o(.text)
    AP_EchoReceived                          0x000004f9   Thumb Code    66  ap.o(i.AP_EchoReceived)
    AP_EchoSendMessage                       0x0000055d   Thumb Code    72  ap.o(i.AP_EchoSendMessage)
    AP_GetNotifyCCCD                         0x000005b1   Thumb Code    16  ap.o(i.AP_GetNotifyCCCD)
    AP_GetSize                               0x000005c5   Thumb Code    14  ap.o(i.AP_GetSize)
    AP_Init                                  0x000005d5   Thumb Code   184  ap.o(i.AP_Init)
    AP_RecvMessage                           0x000006bd   Thumb Code   292  ap.o(i.AP_RecvMessage)
    AP_RecvStatus                            0x000007f1   Thumb Code    16  ap.o(i.AP_RecvStatus)
    AP_Reset                                 0x00000801   Thumb Code    30  ap.o(i.AP_Reset)
    AP_SendMessage                           0x00000829   Thumb Code   202  ap.o(i.AP_SendMessage)
    AP_SendMessageResponse                   0x000008fd   Thumb Code    58  ap.o(i.AP_SendMessageResponse)
    AP_SendNotification                      0x00000939   Thumb Code   172  ap.o(i.AP_SendNotification)
    BSP_Accelerometer_Init                   0x00000a09   Thumb Code   156  bsp.o(i.BSP_Accelerometer_Init)
    BSP_Accelerometer_Input                  0x00000ab9   Thumb Code    66  bsp.o(i.BSP_Accelerometer_Input)
    BSP_Button1_Init                         0x00000b01   Thumb Code   112  bsp.o(i.BSP_Button1_Init)
    BSP_Button1_Input                        0x00000b81   Thumb Code     8  bsp.o(i.BSP_Button1_Input)
    BSP_Button2_Init                         0x00000b8d   Thumb Code   124  bsp.o(i.BSP_Button2_Init)
    BSP_Button2_Input                        0x00000c1d   Thumb Code     8  bsp.o(i.BSP_Button2_Input)
    BSP_Buzzer_Init                          0x00000c29   Thumb Code   184  bsp.o(i.BSP_Buzzer_Init)
    BSP_Buzzer_Set                           0x00000cfd   Thumb Code    24  bsp.o(i.BSP_Buzzer_Set)
    BSP_Clock_GetFreq                        0x00000d1d   Thumb Code     6  bsp.o(i.BSP_Clock_GetFreq)
    BSP_Clock_InitFastest                    0x00000d29   Thumb Code   126  bsp.o(i.BSP_Clock_InitFastest)
    BSP_Delay1ms                             0x00000db5   Thumb Code    22  bsp.o(i.BSP_Delay1ms)
    BSP_Joystick_Init                        0x00000dcd   Thumb Code   268  bsp.o(i.BSP_Joystick_Init)
    BSP_Joystick_Input                       0x00000efd   Thumb Code    56  bsp.o(i.BSP_Joystick_Input)
    BSP_LCD_Color565                         0x00000f3d   Thumb Code    24  bsp.o(i.BSP_LCD_Color565)
    BSP_LCD_DrawChar                         0x00000f55   Thumb Code   260  bsp.o(i.BSP_LCD_DrawChar)
    BSP_LCD_DrawFastHLine                    0x00001065   Thumb Code   116  bsp.o(i.BSP_LCD_DrawFastHLine)
    BSP_LCD_DrawFastVLine                    0x000010e1   Thumb Code   116  bsp.o(i.BSP_LCD_DrawFastVLine)
    BSP_LCD_DrawPixel                        0x0000115d   Thumb Code    64  bsp.o(i.BSP_LCD_DrawPixel)
    BSP_LCD_DrawString                       0x000011a5   Thumb Code    86  bsp.o(i.BSP_LCD_DrawString)
    BSP_LCD_Drawaxes                         0x000011fd   Thumb Code   272  bsp.o(i.BSP_LCD_Drawaxes)
    BSP_LCD_FillRect                         0x00001321   Thumb Code   164  bsp.o(i.BSP_LCD_FillRect)
    BSP_LCD_FillScreen                       0x000013cd   Thumb Code    28  bsp.o(i.BSP_LCD_FillScreen)
    BSP_LCD_Init                             0x000013f1   Thumb Code    10  bsp.o(i.BSP_LCD_Init)
    BSP_LCD_OutUDec4                         0x000013fd   Thumb Code   116  bsp.o(i.BSP_LCD_OutUDec4)
    BSP_LCD_PlotIncrement                    0x00001485   Thumb Code    46  bsp.o(i.BSP_LCD_PlotIncrement)
    BSP_LCD_PlotPoint                        0x000014bd   Thumb Code    86  bsp.o(i.BSP_LCD_PlotPoint)
    BSP_LCD_SetCursor                        0x00001521   Thumb Code    22  bsp.o(i.BSP_LCD_SetCursor)
    BSP_LightSensor_End                      0x00001541   Thumb Code    58  bsp.o(i.BSP_LightSensor_End)
    BSP_LightSensor_Init                     0x00001585   Thumb Code    76  bsp.o(i.BSP_LightSensor_Init)
    BSP_LightSensor_Input                    0x000015d9   Thumb Code    42  bsp.o(i.BSP_LightSensor_Input)
    BSP_LightSensor_Start                    0x0000160d   Thumb Code    22  bsp.o(i.BSP_LightSensor_Start)
    BSP_Microphone_Init                      0x00001629   Thumb Code   152  bsp.o(i.BSP_Microphone_Init)
    BSP_Microphone_Input                     0x000016d5   Thumb Code    40  bsp.o(i.BSP_Microphone_Input)
    BSP_RGB_Init                             0x00001701   Thumb Code   522  bsp.o(i.BSP_RGB_Init)
    BSP_RGB_Set                              0x00001941   Thumb Code    62  bsp.o(i.BSP_RGB_Set)
    BSP_Time_Get                             0x00001991   Thumb Code    10  bsp.o(i.BSP_Time_Get)
    BSP_Time_Init                            0x000019a1   Thumb Code    94  bsp.o(i.BSP_Time_Init)
    Bluetooth_Init                           0x00001a0d   Thumb Code   224  lab6.o(i.Bluetooth_Init)
    Bluetooth_ReadLight                      0x00001b91   Thumb Code    14  lab6.o(i.Bluetooth_ReadLight)
    Bluetooth_ReadPlotState                  0x00001bb5   Thumb Code    14  lab6.o(i.Bluetooth_ReadPlotState)
    Bluetooth_ReadSound                      0x00001bdd   Thumb Code    14  lab6.o(i.Bluetooth_ReadSound)
    Bluetooth_ReadTime                       0x00001c05   Thumb Code    14  lab6.o(i.Bluetooth_ReadTime)
    Bluetooth_Steps                          0x00001c29   Thumb Code    20  lab6.o(i.Bluetooth_Steps)
    Bluetooth_WritePlotState                 0x00001c45   Thumb Code    42  lab6.o(i.Bluetooth_WritePlotState)
    BuildAddCharDescriptorMsg                0x00001c8d   Thumb Code    86  ap_lab6.o(i.BuildAddCharDescriptorMsg)
    BuildAddCharValueMsg                     0x00001ce3   Thumb Code    86  ap_lab6.o(i.BuildAddCharValueMsg)
    BuildAddNotifyCharDescriptorMsg          0x00001d39   Thumb Code    92  ap_lab6.o(i.BuildAddNotifyCharDescriptorMsg)
    BuildAddServiceMsg                       0x00001d95   Thumb Code    60  ap_lab6.o(i.BuildAddServiceMsg)
    BuildGetStatusMsg                        0x00001dd1   Thumb Code    46  ap_lab6.o(i.BuildGetStatusMsg)
    BuildGetVersionMsg                       0x00001dff   Thumb Code    46  ap_lab6.o(i.BuildGetVersionMsg)
    BuildRegisterServiceMsg                  0x00001e2d   Thumb Code    46  ap_lab6.o(i.BuildRegisterServiceMsg)
    BuildSetAdvertisementData1Msg            0x00001e5b   Thumb Code    94  ap_lab6.o(i.BuildSetAdvertisementData1Msg)
    BuildSetAdvertisementDataMsg             0x00001eb9   Thumb Code   126  ap_lab6.o(i.BuildSetAdvertisementDataMsg)
    BuildSetDeviceNameMsg                    0x00001f37   Thumb Code    76  ap_lab6.o(i.BuildSetDeviceNameMsg)
    BuildStartAdvertisementMsg               0x00001f83   Thumb Code   114  ap_lab6.o(i.BuildStartAdvertisementMsg)
    Clock_Delay1ms                           0x00001ff5   Thumb Code    22  cortexm.o(i.Clock_Delay1ms)
    GPIO_Init                                0x00002075   Thumb Code   274  gpio.o(i.GPIO_Init)
    Lab6OutCheck                             0x00002c21   Thumb Code   122  texas.o(i.Lab6OutCheck)
    Lab6_AddCharacteristic                   0x00002cbd   Thumb Code   228  ap_lab6.o(i.Lab6_AddCharacteristic)
    Lab6_AddNotifyCharacteristic             0x00002ddd   Thumb Code   268  ap_lab6.o(i.Lab6_AddNotifyCharacteristic)
    Lab6_AddService                          0x00002f2d   Thumb Code    36  ap_lab6.o(i.Lab6_AddService)
    Lab6_GetStatus                           0x00002f69   Thumb Code    58  ap_lab6.o(i.Lab6_GetStatus)
    Lab6_GetVersion                          0x00002fbd   Thumb Code    42  ap_lab6.o(i.Lab6_GetVersion)
    Lab6_RegisterService                     0x00003001   Thumb Code    32  ap_lab6.o(i.Lab6_RegisterService)
    Lab6_StartAdvertisement                  0x0000303d   Thumb Code   120  ap_lab6.o(i.Lab6_StartAdvertisement)
    LogicAnalyzer                            0x00003125   Thumb Code    12  texas.o(i.LogicAnalyzer)
    OutValue                                 0x0000315d   Thumb Code    20  lab6.o(i.OutValue)
    PeriodicTask2_Init                       0x00003171   Thumb Code   164  texas.o(i.PeriodicTask2_Init)
    Profile_Init                             0x0000322d   Thumb Code   418  profile.o(i.Profile_Init)
    RxFifo_Get                               0x00003401   Thumb Code    44  uart1.o(i.RxFifo_Get)
    RxFifo_Init                              0x00003439   Thumb Code    16  uart1.o(i.RxFifo_Init)
    RxFifo_Put                               0x00003455   Thumb Code    56  uart1.o(i.RxFifo_Put)
    SetFCS                                   0x00003511   Thumb Code    54  ap_lab6.o(i.SetFCS)
    TExaS_Grade                              0x00003639   Thumb Code   120  texas.o(i.TExaS_Grade)
    TExaS_Init                               0x000036e1   Thumb Code   308  texas.o(i.TExaS_Init)
    TExaS_Task0                              0x00003875   Thumb Code    50  texas.o(i.TExaS_Task0)
    TExaS_Task1                              0x000038b5   Thumb Code    50  texas.o(i.TExaS_Task1)
    TExaS_Task2                              0x000038f5   Thumb Code    50  texas.o(i.TExaS_Task2)
    TExaS_Task3                              0x00003935   Thumb Code    50  texas.o(i.TExaS_Task3)
    TExaS_Task4                              0x00003975   Thumb Code    50  texas.o(i.TExaS_Task4)
    TExaS_Task5                              0x000039b5   Thumb Code    50  texas.o(i.TExaS_Task5)
    TIMER5A_Handler                          0x000039f5   Thumb Code    16  texas.o(i.TIMER5A_Handler)
    Task0                                    0x00003a0d   Thumb Code   166  lab6.o(i.Task0)
    Task0_Init                               0x00003acd   Thumb Code    14  lab6.o(i.Task0_Init)
    Task1                                    0x00003ae1   Thumb Code   380  lab6.o(i.Task1)
    Task1_Init                               0x00003c89   Thumb Code    70  lab6.o(i.Task1_Init)
    Task2                                    0x00003ce9   Thumb Code    42  lab6.o(i.Task2)
    Task2_Init                               0x00003d21   Thumb Code    26  lab6.o(i.Task2_Init)
    Task3                                    0x00003d45   Thumb Code   264  lab6.o(i.Task3)
    Task3_Init                               0x00003e65   Thumb Code    28  lab6.o(i.Task3_Init)
    Task4                                    0x00003e81   Thumb Code   114  lab6.o(i.Task4)
    Task4_Init                               0x00003f11   Thumb Code    34  lab6.o(i.Task4_Init)
    Task5                                    0x00003f39   Thumb Code   110  lab6.o(i.Task5)
    Task5_Init                               0x00003fc1   Thumb Code    60  lab6.o(i.Task5_Init)
    UART0_Init                               0x0000401d   Thumb Code   136  uart0.o(i.UART0_Init)
    UART0_OutChar                            0x000040b9   Thumb Code    20  uart0.o(i.UART0_OutChar)
    UART0_OutString                          0x000040d1   Thumb Code    24  uart0.o(i.UART0_OutString)
    UART0_OutUDec                            0x000040e9   Thumb Code    42  uart0.o(i.UART0_OutUDec)
    UART0_OutUHex                            0x00004113   Thumb Code    52  uart0.o(i.UART0_OutUHex)
    UART0_OutUHex2                           0x00004147   Thumb Code    20  uart0.o(i.UART0_OutUHex2)
    UART1_FinishOutput                       0x0000415d   Thumb Code    30  uart1.o(i.UART1_FinishOutput)
    UART1_Handler                            0x00004181   Thumb Code    44  uart1.o(i.UART1_Handler)
    UART1_InChar                             0x000041b1   Thumb Code    20  uart1.o(i.UART1_InChar)
    UART1_InStatus                           0x000041c5   Thumb Code    14  uart1.o(i.UART1_InStatus)
    UART1_Init                               0x000041dd   Thumb Code   180  uart1.o(i.UART1_Init)
    UART1_OutChar                            0x000042a9   Thumb Code    20  uart1.o(i.UART1_OutChar)
    WideTimer3A_Handler                      0x000042c1   Thumb Code    16  bsp.o(i.WideTimer3A_Handler)
    WideTimer4A_Handler                      0x000042d9   Thumb Code    16  bsp.o(i.WideTimer4A_Handler)
    WideTimer5A_Handler                      0x000042f1   Thumb Code    16  bsp.o(i.WideTimer5A_Handler)
    drawaxes                                 0x000045d9   Thumb Code   152  lab6.o(i.drawaxes)
    main                                     0x00004851   Thumb Code   192  lab6.o(i.main)
    outnibble                                0x00004921   Thumb Code    32  uart0.o(i.outnibble)
    sqrt32                                   0x000049c9   Thumb Code    30  lab6.o(i.sqrt32)
    RECVSIZE                                 0x00004ff4   Data           4  ap.o(.constdata)
    HCI_EXT_ResetSystemCmd                   0x00004ff8   Data           9  ap.o(.constdata)
    NPI_GetStatus                            0x00005001   Data           6  ap.o(.constdata)
    NPI_GetVersion                           0x00005007   Data           6  ap.o(.constdata)
    NPI_Register                             0x0000500d   Data           6  ap.o(.constdata)
    NPI_SetAdvertisement1                    0x00005013   Data          17  ap.o(.constdata)
    NPI_SetAdvertisementSAP                  0x00005024   Data          37  ap.o(.constdata)
    NPI_StartAdvertisement                   0x00005049   Data          20  ap.o(.constdata)
    MAXCHARACTERISTICS                       0x00005060   Data           4  ap.o(.constdata)
    NOTIFYMAXCHARACTERISTICS                 0x00005064   Data           4  ap.o(.constdata)
    Key                                      0x00005068   Data           8  texas.o(.constdata)
    Scramble                                 0x00005070   Data          32  texas.o(.constdata)
    DeScramble                               0x00005090   Data          32  texas.o(.constdata)
    Region$$Table$$Base                      0x00005118   Number         0  anon$$obj.o(Region$$Table)
    Region$$Table$$Limit                     0x00005138   Number         0  anon$$obj.o(Region$$Table)
    StX                                      0x20000008   Data           4  bsp.o(.data)
    StY                                      0x2000000c   Data           4  bsp.o(.data)
    StTextColor                              0x20000010   Data           2  bsp.o(.data)
    Messageindex                             0x20000018   Data           4  bsp.o(.data)
    TimeIndex                                0x2000001c   Data           4  bsp.o(.data)
    Ymax                                     0x20000020   Data           4  bsp.o(.data)
    Ymin                                     0x20000024   Data           4  bsp.o(.data)
    Yrange                                   0x20000028   Data           4  bsp.o(.data)
    PlotBGColor                              0x2000002c   Data           2  bsp.o(.data)
    PeriodicTask                             0x20000030   Data           4  bsp.o(.data)
    PeriodicTaskB                            0x20000034   Data           4  bsp.o(.data)
    PeriodicTaskC                            0x20000038   Data           4  bsp.o(.data)
    LightBusy                                0x2000003c   Data           4  bsp.o(.data)
    TempBusy                                 0x20000040   Data           4  bsp.o(.data)
    Time                                     0x20000044   Data           4  lab6.o(.data)
    Steps                                    0x20000048   Data           4  lab6.o(.data)
    Magnitude                                0x2000004c   Data           4  lab6.o(.data)
    EWMA                                     0x20000050   Data           4  lab6.o(.data)
    SoundData                                0x20000054   Data           2  lab6.o(.data)
    SoundRMS                                 0x20000058   Data           4  lab6.o(.data)
    LightData                                0x2000005c   Data           4  lab6.o(.data)
    ReDrawAxes                               0x20000060   Data           4  lab6.o(.data)
    count                                    0x20000064   Data           4  lab6.o(.data)
    PlotState                                0x20000068   Data           1  lab6.o(.data)
    AccX                                     0x2000006a   Data           2  lab6.o(.data)
    AccY                                     0x2000006c   Data           2  lab6.o(.data)
    AccZ                                     0x2000006e   Data           2  lab6.o(.data)
    AlgorithmState                           0x20000070   Data           1  lab6.o(.data)
    LocalMin                                 0x20000074   Data           4  lab6.o(.data)
    LocalMax                                 0x20000078   Data           4  lab6.o(.data)
    LocalCount                               0x2000007c   Data           4  lab6.o(.data)
    Task2Failures                            0x20000080   Data           4  lab6.o(.data)
    fcserr                                   0x20000090   Data           4  ap.o(.data)
    TimeOutErr                               0x20000094   Data           4  ap.o(.data)
    NoSOFErr                                 0x20000098   Data           4  ap.o(.data)
    NPI_AddService                           0x2000009c   Data           9  ap.o(.data)
    NPI_GATTSetDeviceName                    0x200000a5   Data          28  ap.o(.data)
    NPI_SetAdvertisementData                 0x200000c1   Data          37  ap.o(.data)
    NPI_ReadConfirmation                     0x200000e6   Data          21  ap.o(.data)
    NPI_WriteConfirmation                    0x200000fb   Data           9  ap.o(.data)
    NPI_CCCDUpdatedConfirmation              0x20000104   Data           9  ap.o(.data)
    NPI_SendNotificationIndication           0x2000010d   Data          20  ap.o(.data)
    NPI_AddCharValue                         0x20000121   Data          14  ap.o(.data)
    NPI_AddCharDescriptor                    0x2000012f   Data          32  ap.o(.data)
    CharacteristicCount                      0x20000150   Data           4  ap.o(.data)
    NotifyCharacteristicCount                0x20000154   Data           4  ap.o(.data)
    RxPutI                                   0x20000158   Data           4  uart1.o(.data)
    RxGetI                                   0x2000015c   Data           4  uart1.o(.data)
    RxFifoLost                               0x20000160   Data           4  uart1.o(.data)
    edXNum                                   0x20000164   Data           2  texas.o(.data)
    LogicData                                0x20000166   Data           1  texas.o(.data)
    Index0                                   0x20000170   Data           4  texas.o(.data)
    Index1                                   0x20000174   Data           4  texas.o(.data)
    Index2                                   0x20000178   Data           4  texas.o(.data)
    Index3                                   0x2000017c   Data           4  texas.o(.data)
    Index4                                   0x20000180   Data           4  texas.o(.data)
    Index5                                   0x20000184   Data           4  texas.o(.data)
    Index6                                   0x20000188   Data           4  texas.o(.data)
    PeriodicTask2                            0x2000018c   Data           4  texas.o(.data)
    Message                                  0x20000190   Data          12  bsp.o(.bss)
    SoundArray                               0x2000019c   Data        2000  lab6.o(.bss)
    RecvBuf                                  0x2000096c   Data         128  ap.o(.bss)
    CharacteristicList                       0x200009ec   Data         160  ap.o(.bss)
    NotifyCharacteristicList                 0x20000a8c   Data          80  ap.o(.bss)
    RxFIFO                                   0x20000adc   Data         256  uart1.o(.bss)
    MagicCode                                0x20000bdc   Data          10  texas.o(.bss)
    EncriptedMagicCode                       0x20000be6   Data          10  texas.o(.bss)
    TimeBuffer0                              0x20000bf0   Data         400  texas.o(.bss)
    TimeBuffer1                              0x20000d80   Data         400  texas.o(.bss)
    TimeBuffer2                              0x20000f10   Data         400  texas.o(.bss)
    TimeBuffer3                              0x200010a0   Data         400  texas.o(.bss)
    TimeBuffer4                              0x20001230   Data          40  texas.o(.bss)
    TimeBuffer5                              0x20001258   Data          40  texas.o(.bss)
    TimeBuffer6                              0x20001280   Data          40  texas.o(.bss)
    __libspace_start                         0x200012e8   Data          96  libspace.o(.bss)
    __temporary_stack_top$libspace           0x20001348   Data           0  libspace.o(.bss)



==============================================================================

Memory Map of the image

  Image Entry point : 0x00000359

  Load Region LR_1 (Base: 0x00000000, Size: 0x000052c8, Max: 0xffffffff, ABSOLUTE, COMPRESSED[0x000051c8])

    Execution Region ER_RO (Base: 0x00000000, Size: 0x00005138, Max: 0xffffffff, ABSOLUTE)

    Base Addr    Size         Type   Attr      Idx    E Section Name        Object

    0x00000000   0x0000026c   Data   RO         1396    RESET               startup_tm4c123.o
    0x0000026c   0x00000008   Code   RO         1468  * !!!main             c_w.l(__main.o)
    0x00000274   0x00000034   Code   RO         1627    !!!scatter          c_w.l(__scatter.o)
    0x000002a8   0x0000005a   Code   RO         1625    !!dczerorl2         c_w.l(__dczerorl2.o)
    0x00000302   0x00000002   PAD
    0x00000304   0x0000001c   Code   RO         1629    !!handler_zi        c_w.l(__scatter_zi.o)
    0x00000320   0x00000002   Code   RO         1495    .ARM.Collect$$libinit$$00000000  c_w.l(libinit.o)
    0x00000322   0x00000000   Code   RO         1502    .ARM.Collect$$libinit$$00000002  c_w.l(libinit2.o)
    0x00000322   0x00000000   Code   RO         1504    .ARM.Collect$$libinit$$00000004  c_w.l(libinit2.o)
    0x00000322   0x00000000   Code   RO         1507    .ARM.Collect$$libinit$$0000000A  c_w.l(libinit2.o)
    0x00000322   0x00000000   Code   RO         1509    .ARM.Collect$$libinit$$0000000C  c_w.l(libinit2.o)
    0x00000322   0x00000000   Code   RO         1511    .ARM.Collect$$libinit$$0000000E  c_w.l(libinit2.o)
    0x00000322   0x00000000   Code   RO         1514    .ARM.Collect$$libinit$$00000011  c_w.l(libinit2.o)
    0x00000322   0x00000000   Code   RO         1516    .ARM.Collect$$libinit$$00000013  c_w.l(libinit2.o)
    0x00000322   0x00000000   Code   RO         1518    .ARM.Collect$$libinit$$00000015  c_w.l(libinit2.o)
    0x00000322   0x00000000   Code   RO         1520    .ARM.Collect$$libinit$$00000017  c_w.l(libinit2.o)
    0x00000322   0x00000000   Code   RO         1522    .ARM.Collect$$libinit$$00000019  c_w.l(libinit2.o)
    0x00000322   0x00000000   Code   RO         1524    .ARM.Collect$$libinit$$0000001B  c_w.l(libinit2.o)
    0x00000322   0x00000000   Code   RO         1526    .ARM.Collect$$libinit$$0000001D  c_w.l(libinit2.o)
    0x00000322   0x00000000   Code   RO         1528    .ARM.Collect$$libinit$$0000001F  c_w.l(libinit2.o)
    0x00000322   0x00000000   Code   RO         1530    .ARM.Collect$$libinit$$00000021  c_w.l(libinit2.o)
    0x00000322   0x00000000   Code   RO         1532    .ARM.Collect$$libinit$$00000023  c_w.l(libinit2.o)
    0x00000322   0x00000000   Code   RO         1534    .ARM.Collect$$libinit$$00000025  c_w.l(libinit2.o)
    0x00000322   0x00000000   Code   RO         1538    .ARM.Collect$$libinit$$0000002C  c_w.l(libinit2.o)
    0x00000322   0x00000000   Code   RO         1540    .ARM.Collect$$libinit$$0000002E  c_w.l(libinit2.o)
    0x00000322   0x00000000   Code   RO         1542    .ARM.Collect$$libinit$$00000030  c_w.l(libinit2.o)
    0x00000322   0x00000000   Code   RO         1544    .ARM.Collect$$libinit$$00000032  c_w.l(libinit2.o)
    0x00000322   0x00000002   Code   RO         1545    .ARM.Collect$$libinit$$00000033  c_w.l(libinit2.o)
    0x00000324   0x00000002   Code   RO         1565    .ARM.Collect$$libshutdown$$00000000  c_w.l(libshutdown.o)
    0x00000326   0x00000000   Code   RO         1578    .ARM.Collect$$libshutdown$$00000002  c_w.l(libshutdown2.o)
    0x00000326   0x00000000   Code   RO         1580    .ARM.Collect$$libshutdown$$00000004  c_w.l(libshutdown2.o)
    0x00000326   0x00000000   Code   RO         1583    .ARM.Collect$$libshutdown$$00000007  c_w.l(libshutdown2.o)
    0x00000326   0x00000000   Code   RO         1586    .ARM.Collect$$libshutdown$$0000000A  c_w.l(libshutdown2.o)
    0x00000326   0x00000000   Code   RO         1588    .ARM.Collect$$libshutdown$$0000000C  c_w.l(libshutdown2.o)
    0x00000326   0x00000000   Code   RO         1591    .ARM.Collect$$libshutdown$$0000000F  c_w.l(libshutdown2.o)
    0x00000326   0x00000002   Code   RO         1592    .ARM.Collect$$libshutdown$$00000010  c_w.l(libshutdown2.o)
    0x00000328   0x00000000   Code   RO         1470    .ARM.Collect$$rtentry$$00000000  c_w.l(__rtentry.o)
    0x00000328   0x00000000   Code   RO         1472    .ARM.Collect$$rtentry$$00000002  c_w.l(__rtentry2.o)
    0x00000328   0x00000006   Code   RO         1484    .ARM.Collect$$rtentry$$00000004  c_w.l(__rtentry4.o)
    0x0000032e   0x00000000   Code   RO         1474    .ARM.Collect$$rtentry$$00000009  c_w.l(__rtentry2.o)
    0x0000032e   0x00000004   Code   RO         1475    .ARM.Collect$$rtentry$$0000000A  c_w.l(__rtentry2.o)
    0x00000332   0x00000000   Code   RO         1477    .ARM.Collect$$rtentry$$0000000C  c_w.l(__rtentry2.o)
    0x00000332   0x00000008   Code   RO         1478    .ARM.Collect$$rtentry$$0000000D  c_w.l(__rtentry2.o)
    0x0000033a   0x00000002   Code   RO         1499    .ARM.Collect$$rtexit$$00000000  c_w.l(rtexit.o)
    0x0000033c   0x00000000   Code   RO         1547    .ARM.Collect$$rtexit$$00000002  c_w.l(rtexit2.o)
    0x0000033c   0x00000004   Code   RO         1548    .ARM.Collect$$rtexit$$00000003  c_w.l(rtexit2.o)
    0x00000340   0x00000006   Code   RO         1549    .ARM.Collect$$rtexit$$00000004  c_w.l(rtexit2.o)
    0x00000346   0x00000002   PAD
    0x00000348   0x00000006   Code   RO            1    .emb_text           bsp.o
    0x0000034e   0x00000002   PAD
    0x00000350   0x00000006   Code   RO          952    .emb_text           cortexm.o
    0x00000356   0x00000002   PAD
    0x00000358   0x00000124   Code   RO         1397  * .text               startup_tm4c123.o
    0x0000047c   0x00000006   Code   RO         1466    .text               c_w.l(heapauxi.o)
    0x00000482   0x0000004a   Code   RO         1486    .text               c_w.l(sys_stackheap_outer.o)
    0x000004cc   0x00000012   Code   RO         1488    .text               c_w.l(exit.o)
    0x000004de   0x00000002   PAD
    0x000004e0   0x00000008   Code   RO         1496    .text               c_w.l(libspace.o)
    0x000004e8   0x0000000c   Code   RO         1557    .text               c_w.l(sys_exit.o)
    0x000004f4   0x00000002   Code   RO         1568    .text               c_w.l(use_no_semi.o)
    0x000004f6   0x00000000   Code   RO         1570    .text               c_w.l(indicate_semi.o)
    0x000004f6   0x00000002   PAD
    0x000004f8   0x00000064   Code   RO          816    i.AP_EchoReceived   ap.o
    0x0000055c   0x00000054   Code   RO          817    i.AP_EchoSendMessage  ap.o
    0x000005b0   0x00000014   Code   RO          818    i.AP_GetNotifyCCCD  ap.o
    0x000005c4   0x0000000e   Code   RO          819    i.AP_GetSize        ap.o
    0x000005d2   0x00000002   PAD
    0x000005d4   0x000000e8   Code   RO          822    i.AP_Init           ap.o
    0x000006bc   0x00000134   Code   RO          823    i.AP_RecvMessage    ap.o
    0x000007f0   0x00000010   Code   RO          824    i.AP_RecvStatus     ap.o
    0x00000800   0x00000028   Code   RO          826    i.AP_Reset          ap.o
    0x00000828   0x000000d4   Code   RO          827    i.AP_SendMessage    ap.o
    0x000008fc   0x0000003a   Code   RO          828    i.AP_SendMessageResponse  ap.o
    0x00000936   0x00000002   PAD
    0x00000938   0x000000d0   Code   RO          829    i.AP_SendNotification  ap.o
    0x00000a08   0x000000b0   Code   RO            2    i.BSP_Accelerometer_Init  bsp.o
    0x00000ab8   0x00000048   Code   RO            3    i.BSP_Accelerometer_Input  bsp.o
    0x00000b00   0x00000080   Code   RO            4    i.BSP_Button1_Init  bsp.o
    0x00000b80   0x0000000c   Code   RO            5    i.BSP_Button1_Input  bsp.o
    0x00000b8c   0x00000090   Code   RO            6    i.BSP_Button2_Init  bsp.o
    0x00000c1c   0x0000000c   Code   RO            7    i.BSP_Button2_Input  bsp.o
    0x00000c28   0x000000d4   Code   RO            8    i.BSP_Buzzer_Init   bsp.o
    0x00000cfc   0x00000020   Code   RO            9    i.BSP_Buzzer_Set    bsp.o
    0x00000d1c   0x0000000c   Code   RO           10    i.BSP_Clock_GetFreq  bsp.o
    0x00000d28   0x0000008c   Code   RO           11    i.BSP_Clock_InitFastest  bsp.o
    0x00000db4   0x00000016   Code   RO           12    i.BSP_Delay1ms      bsp.o
    0x00000dca   0x00000002   PAD
    0x00000dcc   0x00000130   Code   RO           13    i.BSP_Joystick_Init  bsp.o
    0x00000efc   0x00000040   Code   RO           14    i.BSP_Joystick_Input  bsp.o
    0x00000f3c   0x00000018   Code   RO           15    i.BSP_LCD_Color565  bsp.o
    0x00000f54   0x00000110   Code   RO           17    i.BSP_LCD_DrawChar  bsp.o
    0x00001064   0x0000007c   Code   RO           19    i.BSP_LCD_DrawFastHLine  bsp.o
    0x000010e0   0x0000007c   Code   RO           20    i.BSP_LCD_DrawFastVLine  bsp.o
    0x0000115c   0x00000048   Code   RO           21    i.BSP_LCD_DrawPixel  bsp.o
    0x000011a4   0x00000056   Code   RO           22    i.BSP_LCD_DrawString  bsp.o
    0x000011fa   0x00000002   PAD
    0x000011fc   0x00000124   Code   RO           23    i.BSP_LCD_Drawaxes  bsp.o
    0x00001320   0x000000ac   Code   RO           24    i.BSP_LCD_FillRect  bsp.o
    0x000013cc   0x00000024   Code   RO           25    i.BSP_LCD_FillScreen  bsp.o
    0x000013f0   0x0000000a   Code   RO           26    i.BSP_LCD_Init      bsp.o
    0x000013fa   0x00000002   PAD
    0x000013fc   0x00000088   Code   RO           28    i.BSP_LCD_OutUDec4  bsp.o
    0x00001484   0x00000038   Code   RO           32    i.BSP_LCD_PlotIncrement  bsp.o
    0x000014bc   0x00000064   Code   RO           33    i.BSP_LCD_PlotPoint  bsp.o
    0x00001520   0x00000020   Code   RO           34    i.BSP_LCD_SetCursor  bsp.o
    0x00001540   0x00000044   Code   RO           36    i.BSP_LightSensor_End  bsp.o
    0x00001584   0x00000054   Code   RO           37    i.BSP_LightSensor_Init  bsp.o
    0x000015d8   0x00000034   Code   RO           38    i.BSP_LightSensor_Input  bsp.o
    0x0000160c   0x0000001c   Code   RO           39    i.BSP_LightSensor_Start  bsp.o
    0x00001628   0x000000ac   Code   RO           40    i.BSP_Microphone_Init  bsp.o
    0x000016d4   0x0000002c   Code   RO           41    i.BSP_Microphone_Input  bsp.o
    0x00001700   0x00000240   Code   RO           52    i.BSP_RGB_Init      bsp.o
    0x00001940   0x00000050   Code   RO           53    i.BSP_RGB_Set       bsp.o
    0x00001990   0x00000010   Code   RO           58    i.BSP_Time_Get      bsp.o
    0x000019a0   0x0000006c   Code   RO           59    i.BSP_Time_Init     bsp.o
    0x00001a0c   0x00000184   Code   RO          647    i.Bluetooth_Init    lab6.o
    0x00001b90   0x00000024   Code   RO          648    i.Bluetooth_ReadLight  lab6.o
    0x00001bb4   0x00000028   Code   RO          649    i.Bluetooth_ReadPlotState  lab6.o
    0x00001bdc   0x00000028   Code   RO          650    i.Bluetooth_ReadSound  lab6.o
    0x00001c04   0x00000024   Code   RO          651    i.Bluetooth_ReadTime  lab6.o
    0x00001c28   0x0000001c   Code   RO          652    i.Bluetooth_Steps   lab6.o
    0x00001c44   0x00000048   Code   RO          653    i.Bluetooth_WritePlotState  lab6.o
    0x00001c8c   0x00000056   Code   RO          517    i.BuildAddCharDescriptorMsg  ap_lab6.o
    0x00001ce2   0x00000056   Code   RO          518    i.BuildAddCharValueMsg  ap_lab6.o
    0x00001d38   0x0000005c   Code   RO          519    i.BuildAddNotifyCharDescriptorMsg  ap_lab6.o
    0x00001d94   0x0000003c   Code   RO          520    i.BuildAddServiceMsg  ap_lab6.o
    0x00001dd0   0x0000002e   Code   RO          521    i.BuildGetStatusMsg  ap_lab6.o
    0x00001dfe   0x0000002e   Code   RO          522    i.BuildGetVersionMsg  ap_lab6.o
    0x00001e2c   0x0000002e   Code   RO          523    i.BuildRegisterServiceMsg  ap_lab6.o
    0x00001e5a   0x0000005e   Code   RO          524    i.BuildSetAdvertisementData1Msg  ap_lab6.o
    0x00001eb8   0x0000007e   Code   RO          525    i.BuildSetAdvertisementDataMsg  ap_lab6.o
    0x00001f36   0x0000004c   Code   RO          526    i.BuildSetDeviceNameMsg  ap_lab6.o
    0x00001f82   0x00000072   Code   RO          527    i.BuildStartAdvertisementMsg  ap_lab6.o
    0x00001ff4   0x00000016   Code   RO          953    i.Clock_Delay1ms    cortexm.o
    0x0000200a   0x00000002   PAD
    0x0000200c   0x00000068   Code   RO         1136    i.Encrypt           texas.o
    0x00002074   0x0000013c   Code   RO          968    i.GPIO_Init         gpio.o
    0x000021b0   0x00000078   Code   RO           60    i.I2C_Recv2         bsp.o
    0x00002228   0x00000048   Code   RO           61    i.I2C_Send1         bsp.o
    0x00002270   0x000000b0   Code   RO           62    i.I2C_Send3         bsp.o
    0x00002320   0x00000058   Code   RO         1137    i.Lab6BuildAddCharDescriptorMsgSolution  texas.o
    0x00002378   0x00000040   Code   RO         1138    i.Lab6BuildAddCharValueMsgSolution  texas.o
    0x000023b8   0x0000005c   Code   RO         1139    i.Lab6BuildAddNotifyCharDescriptorMsgSolution  texas.o
    0x00002414   0x0000002c   Code   RO         1140    i.Lab6BuildAddServiceMsgSolution  texas.o
    0x00002440   0x0000001e   Code   RO         1141    i.Lab6BuildGetStatusMsgSolution  texas.o
    0x0000245e   0x0000001e   Code   RO         1142    i.Lab6BuildGetVersionMsgSolution  texas.o
    0x0000247c   0x0000001e   Code   RO         1143    i.Lab6BuildRegisterServiceMsgSolution  texas.o
    0x0000249a   0x00000048   Code   RO         1144    i.Lab6BuildSetAdvertisementData1MsgSolution  texas.o
    0x000024e2   0x0000007e   Code   RO         1145    i.Lab6BuildSetAdvertisementDataMsgSolution  texas.o
    0x00002560   0x0000007e   Code   RO         1146    i.Lab6BuildSetAdvertisementDataMsgSolutionold  texas.o
    0x000025de   0x00000044   Code   RO         1147    i.Lab6BuildSetDeviceNameMsgSolution  texas.o
    0x00002622   0x0000004c   Code   RO         1148    i.Lab6BuildStartAdvertisementMsgSolution  texas.o
    0x0000266e   0x00000002   PAD
    0x00002670   0x00000088   Code   RO         1149    i.Lab6GradeAddCharDescriptorMsg  texas.o
    0x000026f8   0x0000008c   Code   RO         1150    i.Lab6GradeAddCharValueMsg  texas.o
    0x00002784   0x0000008c   Code   RO         1151    i.Lab6GradeAddNotifyCharDescriptorMsg  texas.o
    0x00002810   0x00000090   Code   RO         1152    i.Lab6GradeAddServiceMsg  texas.o
    0x000028a0   0x00000050   Code   RO         1153    i.Lab6GradeGetStatusMsg  texas.o
    0x000028f0   0x00000050   Code   RO         1154    i.Lab6GradeGetVersionMsg  texas.o
    0x00002940   0x00000054   Code   RO         1155    i.Lab6GradeRegisterServiceMsg  texas.o
    0x00002994   0x0000005c   Code   RO         1156    i.Lab6GradeSetAdvertisementData1Msg  texas.o
    0x000029f0   0x00000094   Code   RO         1157    i.Lab6GradeSetAdvertisementDataMsg  texas.o
    0x00002a84   0x000000a0   Code   RO         1158    i.Lab6GradeSetAdvertisementDataMsgold  texas.o
    0x00002b24   0x0000008c   Code   RO         1159    i.Lab6GradeSetDeviceNameMsg  texas.o
    0x00002bb0   0x00000070   Code   RO         1160    i.Lab6GradeStartAdvertisementMsg  texas.o
    0x00002c20   0x0000009c   Code   RO         1161    i.Lab6OutCheck      texas.o
    0x00002cbc   0x00000120   Code   RO          528    i.Lab6_AddCharacteristic  ap_lab6.o
    0x00002ddc   0x00000150   Code   RO          529    i.Lab6_AddNotifyCharacteristic  ap_lab6.o
    0x00002f2c   0x0000003c   Code   RO          530    i.Lab6_AddService   ap_lab6.o
    0x00002f68   0x00000054   Code   RO          531    i.Lab6_GetStatus    ap_lab6.o
    0x00002fbc   0x00000044   Code   RO          532    i.Lab6_GetVersion   ap_lab6.o
    0x00003000   0x0000003c   Code   RO          533    i.Lab6_RegisterService  ap_lab6.o
    0x0000303c   0x000000e8   Code   RO          534    i.Lab6_StartAdvertisement  ap_lab6.o
    0x00003124   0x00000014   Code   RO         1162    i.LogicAnalyzer     texas.o
    0x00003138   0x00000024   Code   RO         1163    i.NextRandom        texas.o
    0x0000315c   0x00000014   Code   RO          654    i.OutValue          lab6.o
    0x00003170   0x000000bc   Code   RO         1164    i.PeriodicTask2_Init  texas.o
    0x0000322c   0x000001d4   Code   RO          500    i.Profile_Init      profile.o
    0x00003400   0x00000038   Code   RO         1058    i.RxFifo_Get        uart1.o
    0x00003438   0x0000001c   Code   RO         1059    i.RxFifo_Init       uart1.o
    0x00003454   0x00000048   Code   RO         1060    i.RxFifo_Put        uart1.o
    0x0000349c   0x00000074   Code   RO           63    i.ST7735_InitR      bsp.o
    0x00003510   0x00000036   Code   RO          535    i.SetFCS            ap_lab6.o
    0x00003546   0x00000026   Code   RO         1166    i.SetFCSSolution    texas.o
    0x0000356c   0x000000cc   Code   RO         1167    i.SetGrade          texas.o
    0x00003638   0x000000a8   Code   RO         1168    i.TExaS_Grade       texas.o
    0x000036e0   0x00000194   Code   RO         1169    i.TExaS_Init        texas.o
    0x00003874   0x00000040   Code   RO         1171    i.TExaS_Task0       texas.o
    0x000038b4   0x00000040   Code   RO         1172    i.TExaS_Task1       texas.o
    0x000038f4   0x00000040   Code   RO         1173    i.TExaS_Task2       texas.o
    0x00003934   0x00000040   Code   RO         1174    i.TExaS_Task3       texas.o
    0x00003974   0x00000040   Code   RO         1175    i.TExaS_Task4       texas.o
    0x000039b4   0x00000040   Code   RO         1176    i.TExaS_Task5       texas.o
    0x000039f4   0x00000018   Code   RO         1178    i.TIMER5A_Handler   texas.o
    0x00003a0c   0x000000c0   Code   RO          655    i.Task0             lab6.o
    0x00003acc   0x00000014   Code   RO          656    i.Task0_Init        lab6.o
    0x00003ae0   0x000001a8   Code   RO          657    i.Task1             lab6.o
    0x00003c88   0x00000060   Code   RO          658    i.Task1_Init        lab6.o
    0x00003ce8   0x00000038   Code   RO          659    i.Task2             lab6.o
    0x00003d20   0x00000024   Code   RO          660    i.Task2_Init        lab6.o
    0x00003d44   0x00000120   Code   RO          661    i.Task3             lab6.o
    0x00003e64   0x0000001c   Code   RO          662    i.Task3_Init        lab6.o
    0x00003e80   0x00000090   Code   RO          663    i.Task4             lab6.o
    0x00003f10   0x00000028   Code   RO          664    i.Task4_Init        lab6.o
    0x00003f38   0x00000088   Code   RO          665    i.Task5             lab6.o
    0x00003fc0   0x0000005c   Code   RO          666    i.Task5_Init        lab6.o
    0x0000401c   0x0000009c   Code   RO          987    i.UART0_Init        uart0.o
    0x000040b8   0x00000018   Code   RO          988    i.UART0_OutChar     uart0.o
    0x000040d0   0x00000018   Code   RO          989    i.UART0_OutString   uart0.o
    0x000040e8   0x0000002a   Code   RO          990    i.UART0_OutUDec     uart0.o
    0x00004112   0x00000034   Code   RO          991    i.UART0_OutUHex     uart0.o
    0x00004146   0x00000014   Code   RO          992    i.UART0_OutUHex2    uart0.o
    0x0000415a   0x00000002   PAD
    0x0000415c   0x00000024   Code   RO         1061    i.UART1_FinishOutput  uart1.o
    0x00004180   0x00000030   Code   RO         1062    i.UART1_Handler     uart1.o
    0x000041b0   0x00000014   Code   RO         1063    i.UART1_InChar      uart1.o
    0x000041c4   0x00000018   Code   RO         1064    i.UART1_InStatus    uart1.o
    0x000041dc   0x000000cc   Code   RO         1065    i.UART1_Init        uart1.o
    0x000042a8   0x00000018   Code   RO         1066    i.UART1_OutChar     uart1.o
    0x000042c0   0x00000018   Code   RO           64    i.WideTimer3A_Handler  bsp.o
    0x000042d8   0x00000018   Code   RO           65    i.WideTimer4A_Handler  bsp.o
    0x000042f0   0x00000018   Code   RO           66    i.WideTimer5A_Handler  bsp.o
    0x00004308   0x0000004c   Code   RO           67    i.adcinit           bsp.o
    0x00004354   0x00000056   Code   RO           68    i.commandList       bsp.o
    0x000043aa   0x00000002   PAD
    0x000043ac   0x00000204   Code   RO           69    i.commonInit        bsp.o
    0x000045b0   0x00000028   Code   RO         1068    i.copyHardwareToSoftware  uart1.o
    0x000045d8   0x000000c4   Code   RO          667    i.drawaxes          lab6.o
    0x0000469c   0x00000048   Code   RO           70    i.fillmessage       bsp.o
    0x000046e4   0x00000064   Code   RO           73    i.fillmessage4      bsp.o
    0x00004748   0x00000094   Code   RO           75    i.i2cinit           bsp.o
    0x000047dc   0x00000050   Code   RO           76    i.lightsensorend    bsp.o
    0x0000482c   0x00000024   Code   RO           77    i.lightsensorstart  bsp.o
    0x00004850   0x000000d0   Code   RO          668    i.main              lab6.o
    0x00004920   0x00000020   Code   RO          993    i.outnibble         uart0.o
    0x00004940   0x00000012   Code   RO           78    i.pushColor         bsp.o
    0x00004952   0x00000002   PAD
    0x00004954   0x00000074   Code   RO           79    i.setAddrWindow     bsp.o
    0x000049c8   0x0000001e   Code   RO          670    i.sqrt32            lab6.o
    0x000049e6   0x00000002   PAD
    0x000049e8   0x00000048   Code   RO           82    i.writecommand      bsp.o
    0x00004a30   0x00000048   Code   RO           83    i.writedata         bsp.o
    0x00004a78   0x0000057b   Data   RO           85    .constdata          bsp.o
    0x00004ff3   0x00000001   PAD
    0x00004ff4   0x00000074   Data   RO          832    .constdata          ap.o
    0x00005068   0x00000048   Data   RO         1180    .constdata          texas.o
    0x000050b0   0x00000066   Data   RO         1181    .conststring        texas.o
    0x00005116   0x00000002   PAD
    0x00005118   0x00000020   Data   RO         1623    Region$$Table       anon$$obj.o


    Execution Region ER_RW (Base: 0x20000000, Size: 0x00000190, Max: 0xffffffff, ABSOLUTE, COMPRESSED[0x00000090])

    Base Addr    Size         Type   Attr      Idx    E Section Name        Object

    0x20000000   0x00000044   Data   RW           86    .data               bsp.o
    0x20000044   0x0000004a   Data   RW          672    .data               lab6.o
    0x2000008e   0x00000002   PAD
    0x20000090   0x000000c8   Data   RW          833    .data               ap.o
    0x20000158   0x0000000c   Data   RW         1070    .data               uart1.o
    0x20000164   0x0000002c   Data   RW         1182    .data               texas.o


    Execution Region ER_ZI (Base: 0x20000190, Size: 0x000013b8, Max: 0xffffffff, ABSOLUTE)

    Base Addr    Size         Type   Attr      Idx    E Section Name        Object

    0x20000190   0x0000000c   Zero   RW           84    .bss                bsp.o
    0x2000019c   0x000007d0   Zero   RW          671    .bss                lab6.o
    0x2000096c   0x00000170   Zero   RW          831    .bss                ap.o
    0x20000adc   0x00000100   Zero   RW         1069    .bss                uart1.o
    0x20000bdc   0x0000070c   Zero   RW         1179    .bss                texas.o
    0x200012e8   0x00000060   Zero   RW         1497    .bss                c_w.l(libspace.o)
    0x20001348   0x00000000   Zero   RW         1395    HEAP                startup_tm4c123.o
    0x20001348   0x00000200   Zero   RW         1394    STACK               startup_tm4c123.o


==============================================================================

Image component sizes


      Code (inc. data)   RO Data    RW Data    ZI Data      Debug   Object Name

      1292        170        116        200        368      10330   ap.o
      2054        344          0          0          0      13429   ap_lab6.o
      6048        664       1403         68         12      38426   bsp.o
        28          0          0          0          0        817   cortexm.o
       316         42          0          0          0        476   gpio.o
      2646        602          0         74       2000      12594   lab6.o
       468         50          0          0          0        539   profile.o
       292         18        620          0        512       5676   startup_tm4c123.o
      4028        950        174         44       1804      25492   texas.o
       350         24          0          0          0       3372   uart0.o
       552         92          0         12        256       5904   uart1.o

    ----------------------------------------------------------------------
     18100       2956       2348        400       4952     117055   Object Totals
         0          0         32          0          0          0   (incl. Generated)
        26          0          3          2          0          0   (incl. Padding)

    ----------------------------------------------------------------------

      Code (inc. data)   RO Data    RW Data    ZI Data      Debug   Library Member Name

        90          0          0          0          0          0   __dczerorl2.o
         8          0          0          0          0         68   __main.o
         0          0          0          0          0          0   __rtentry.o
        12          0          0          0          0          0   __rtentry2.o
         6          0          0          0          0          0   __rtentry4.o
        52          8          0          0          0          0   __scatter.o
        28          0          0          0          0          0   __scatter_zi.o
        18          0          0          0          0         80   exit.o
         6          0          0          0          0        152   heapauxi.o
         0          0          0          0          0          0   indicate_semi.o
         2          0          0          0          0          0   libinit.o
         2          0          0          0          0          0   libinit2.o
         2          0          0          0          0          0   libshutdown.o
         2          0          0          0          0          0   libshutdown2.o
         8          4          0          0         96         68   libspace.o
         2          0          0          0          0          0   rtexit.o
        10          0          0          0          0          0   rtexit2.o
        12          4          0          0          0         68   sys_exit.o
        74          0          0          0          0         80   sys_stackheap_outer.o
         2          0          0          0          0         68   use_no_semi.o

    ----------------------------------------------------------------------
       344         16          0          0         96        584   Library Totals
         8          0          0          0          0          0   (incl. Padding)

    ----------------------------------------------------------------------

      Code (inc. data)   RO Data    RW Data    ZI Data      Debug   Library Name

       336         16          0          0         96        584   c_w.l

    ----------------------------------------------------------------------
       344         16          0          0         96        584   Library Totals

    ----------------------------------------------------------------------

==============================================================================


      Code (inc. data)   RO Data    RW Data    ZI Data      Debug   

     18444       2972       2348        400       5048     108795   Grand Totals
     18444       2972       2348        144       5048     108795   ELF Image Totals (compressed)
     18444       2972       2348        144          0          0   ROM Totals

==============================================================================

    Total RO  Size (Code + RO Data)                20792 (  20.30kB)
    Total RW  Size (RW Data + ZI Data)              5448 (   5.32kB)
    Total ROM Size (Code + RO Data + RW Data)      20936 (  20.45kB)

==============================================================================

